Component: ARM Compiler 5.06 update 7 (build 960) Tool: armlink [4d3601]

==============================================================================

Section Cross References

    gd32f10x_it.o(i.EXTI10_15_IRQHandler) refers to gd32f10x_exti.o(i.exti_interrupt_flag_get) for exti_interrupt_flag_get
    gd32f10x_it.o(i.EXTI10_15_IRQHandler) refers to gd32f10x_gpio.o(i.gpio_input_bit_get) for gpio_input_bit_get
    gd32f10x_it.o(i.EXTI10_15_IRQHandler) refers to gd32f10x_exti.o(i.exti_interrupt_flag_clear) for exti_interrupt_flag_clear
    gd32f10x_it.o(i.EXTI10_15_IRQHandler) refers to app.o(.data) for SysDate
    gd32f10x_it.o(i.EXTI1_IRQHandler) refers to gd32f10x_exti.o(i.exti_interrupt_flag_get) for exti_interrupt_flag_get
    gd32f10x_it.o(i.EXTI1_IRQHandler) refers to app.o(i.delay_ms) for delay_ms
    gd32f10x_it.o(i.EXTI1_IRQHandler) refers to gd32f10x_gpio.o(i.gpio_input_bit_get) for gpio_input_bit_get
    gd32f10x_it.o(i.EXTI1_IRQHandler) refers to gd32f10x_gpio.o(i.gpio_bit_write) for gpio_bit_write
    gd32f10x_it.o(i.EXTI1_IRQHandler) refers to gd32f10x_exti.o(i.exti_interrupt_flag_clear) for exti_interrupt_flag_clear
    gd32f10x_it.o(i.EXTI1_IRQHandler) refers to app.o(.data) for PowerLine
    gd32f10x_it.o(i.SysTick_Handler) refers to gd32f10x_gpio.o(i.gpio_input_bit_get) for gpio_input_bit_get
    gd32f10x_it.o(i.SysTick_Handler) refers to gd32f10x_gpio.o(i.gpio_bit_write) for gpio_bit_write
    gd32f10x_it.o(i.SysTick_Handler) refers to app.o(.data) for Systime
    gd32f10x_it.o(i.TIMER6_IRQHandler) refers to gd32f10x_timer.o(i.timer_interrupt_flag_get) for timer_interrupt_flag_get
    gd32f10x_it.o(i.TIMER6_IRQHandler) refers to gd32f10x_timer.o(i.timer_interrupt_flag_clear) for timer_interrupt_flag_clear
    gd32f10x_it.o(i.TIMER6_IRQHandler) refers to gpio.o(i.GPIO_TogglePin) for GPIO_TogglePin
    gd32f10x_it.o(i.TIMER6_IRQHandler) refers to gd32f10x_gpio.o(i.gpio_bit_write) for gpio_bit_write
    gd32f10x_it.o(i.TIMER6_IRQHandler) refers to app.o(.data) for ResButton
    gd32f10x_it.o(i.USART2_IRQHandler) refers to gd32f10x_usart.o(i.usart_interrupt_flag_get) for usart_interrupt_flag_get
    gd32f10x_it.o(i.USART2_IRQHandler) refers to gd32f10x_usart.o(i.usart_data_receive) for usart_data_receive
    gd32f10x_it.o(i.USART2_IRQHandler) refers to usart.o(.bss) for Uart1_RxBuff
    gd32f10x_it.o(i.USART2_IRQHandler) refers to usart.o(.data) for Uart1_Rx_Cnt
    main.o(i.main) refers to gd32f10x_rcu.o(i.rcu_periph_clock_enable) for rcu_periph_clock_enable
    main.o(i.main) refers to gd32f10x_gpio.o(i.gpio_pin_remap_config) for gpio_pin_remap_config
    main.o(i.main) refers to gpio.o(i.MX_GPIO_Init) for MX_GPIO_Init
    main.o(i.main) refers to app.o(i.SysTemInit) for SysTemInit
    main.o(i.main) refers to usart.o(i.gd_eval_com0_init) for gd_eval_com0_init
    main.o(i.main) refers to usart.o(i.gd_eval_com2_init) for gd_eval_com2_init
    main.o(i.main) refers to adc.o(i.adc_config) for adc_config
    main.o(i.main) refers to systick.o(i.systick_config) for systick_config
    main.o(i.main) refers to tim.o(i.timer_config) for timer_config
    main.o(i.main) refers to app.o(i.GetAddr) for GetAddr
    main.o(i.main) refers to gd32f10x_rcu.o(i.rcu_clock_freq_get) for rcu_clock_freq_get
    main.o(i.main) refers to printfa.o(i.__0printf) for __2printf
    main.o(i.main) refers to gd32f10x_gpio.o(i.gpio_bit_write) for gpio_bit_write
    main.o(i.main) refers to app.o(i.SensorCheck) for SensorCheck
    main.o(i.main) refers to app.o(i.SendSensorState) for SendSensorState
    main.o(i.main) refers to app.o(i.DelRxdate) for DelRxdate
    main.o(i.main) refers to app.o(i.delay_ms) for delay_ms
    main.o(i.main) refers to app.o(.data) for SysDate
    systick.o(i.delay_1ms) refers to systick.o(.data) for delay
    systick.o(i.delay_decrement) refers to systick.o(.data) for delay
    systick.o(i.systick_config) refers to systick.o(i.NVIC_SetPriority) for NVIC_SetPriority
    systick.o(i.systick_config) refers to system_gd32f10x.o(.data) for SystemCoreClock
    usart.o(i.ResetUsart) refers to usart.o(.data) for Uart1_Rx_Cnt
    usart.o(i.UART_Send_Nbytes) refers to usart.o(i.UART_send_byte) for UART_send_byte
    usart.o(i.UART_send_byte) refers to gd32f10x_usart.o(i.usart_data_transmit) for usart_data_transmit
    usart.o(i.UART_send_byte) refers to gd32f10x_usart.o(i.usart_flag_get) for usart_flag_get
    usart.o(i.UartSendString) refers to usart.o(i.UART_send_byte) for UART_send_byte
    usart.o(i.UartSend_Fmt) refers to printfa.o(i.__0vsprintf) for vsprintf
    usart.o(i.UartSend_Fmt) refers to strlen.o(.text) for strlen
    usart.o(i.UartSend_Fmt) refers to usart.o(i.UART_Send_Nbytes) for UART_Send_Nbytes
    usart.o(i.fputc) refers to gd32f10x_usart.o(i.usart_data_transmit) for usart_data_transmit
    usart.o(i.fputc) refers to gd32f10x_usart.o(i.usart_flag_get) for usart_flag_get
[...]
    Removing gd32f10x_rcu.o(i.rcu_deinit), (88 bytes).
    Removing gd32f10x_rcu.o(i.rcu_flag_get), (36 bytes).
    Removing gd32f10x_rcu.o(i.rcu_hxtal_clock_monitor_disable), (20 bytes).
    Removing gd32f10x_rcu.o(i.rcu_hxtal_clock_monitor_enable), (20 bytes).
    Removing gd32f10x_rcu.o(i.rcu_interrupt_disable), (32 bytes).
    Removing gd32f10x_rcu.o(i.rcu_interrupt_enable), (32 bytes).
    Removing gd32f10x_rcu.o(i.rcu_interrupt_flag_clear), (32 bytes).
    Removing gd32f10x_rcu.o(i.rcu_interrupt_flag_get), (36 bytes).
    Removing gd32f10x_rcu.o(i.rcu_irc8m_adjust_value_set), (28 bytes).
    Removing gd32f10x_rcu.o(i.rcu_osci_bypass_mode_disable), (92 bytes).
    Removing gd32f10x_rcu.o(i.rcu_osci_bypass_mode_enable), (92 bytes).
    Removing gd32f10x_rcu.o(i.rcu_osci_off), (32 bytes).
    Removing gd32f10x_rcu.o(i.rcu_osci_on), (32 bytes).
    Removing gd32f10x_rcu.o(i.rcu_osci_stab_wait), (224 bytes).
    Removing gd32f10x_rcu.o(i.rcu_periph_clock_disable), (32 bytes).
    Removing gd32f10x_rcu.o(i.rcu_periph_clock_sleep_disable), (32 bytes).
    Removing gd32f10x_rcu.o(i.rcu_periph_clock_sleep_enable), (32 bytes).
    Removing gd32f10x_rcu.o(i.rcu_pll_config), (32 bytes).
    Removing gd32f10x_rcu.o(i.rcu_predv0_config), (32 bytes).
    Removing gd32f10x_rcu.o(i.rcu_rtc_clock_config), (24 bytes).
    Removing gd32f10x_rcu.o(i.rcu_system_clock_source_config), (24 bytes).
    Removing gd32f10x_rcu.o(i.rcu_system_clock_source_get), (16 bytes).
    Removing gd32f10x_rcu.o(i.rcu_usb_clock_config), (24 bytes).
    Removing gd32f10x_rtc.o(.rev16_text), (4 bytes).
    Removing gd32f10x_rtc.o(.revsh_text), (4 bytes).
    Removing gd32f10x_rtc.o(i.rtc_alarm_config), (32 bytes).
    Removing gd32f10x_rtc.o(i.rtc_configuration_mode_enter), (20 bytes).
    Removing gd32f10x_rtc.o(i.rtc_configuration_mode_exit), (20 bytes).
    Removing gd32f10x_rtc.o(i.rtc_counter_get), (20 bytes).
    Removing gd32f10x_rtc.o(i.rtc_counter_set), (32 bytes).
    Removing gd32f10x_rtc.o(i.rtc_divider_get), (24 bytes).
    Removing gd32f10x_rtc.o(i.rtc_flag_clear), (16 bytes).
    Removing gd32f10x_rtc.o(i.rtc_flag_get), (24 bytes).
    Removing gd32f10x_rtc.o(i.rtc_interrupt_disable), (16 bytes).
    Removing gd32f10x_rtc.o(i.rtc_interrupt_enable), (16 bytes).
    Removing gd32f10x_rtc.o(i.rtc_interrupt_flag_clear), (16 bytes).
    Removing gd32f10x_rtc.o(i.rtc_interrupt_flag_get), (24 bytes).
    Removing gd32f10x_rtc.o(i.rtc_lwoff_wait), (20 bytes).
    Removing gd32f10x_rtc.o(i.rtc_prescaler_set), (32 bytes).
    Removing gd32f10x_rtc.o(i.rtc_register_sync_wait), (32 bytes).
    Removing gd32f10x_sdio.o(.rev16_text), (4 bytes).
    Removing gd32f10x_sdio.o(.revsh_text), (4 bytes).
    Removing gd32f10x_sdio.o(i.sdio_bus_mode_set), (28 bytes).
    Removing gd32f10x_sdio.o(i.sdio_ceata_command_completion_disable), (20 bytes).
    Removing gd32f10x_sdio.o(i.sdio_ceata_command_completion_enable), (20 bytes).
    Removing gd32f10x_sdio.o(i.sdio_ceata_command_disable), (20 bytes).
    Removing gd32f10x_sdio.o(i.sdio_ceata_command_enable), (20 bytes).
    Removing gd32f10x_sdio.o(i.sdio_ceata_interrupt_disable), (20 bytes).
    Removing gd32f10x_sdio.o(i.sdio_ceata_interrupt_enable), (20 bytes).
    Removing gd32f10x_sdio.o(i.sdio_clock_config), (36 bytes).
    Removing gd32f10x_sdio.o(i.sdio_clock_disable), (20 bytes).
    Removing gd32f10x_sdio.o(i.sdio_clock_enable), (20 bytes).
    Removing gd32f10x_sdio.o(i.sdio_command_index_get), (12 bytes).
    Removing gd32f10x_sdio.o(i.sdio_command_response_config), (44 bytes).
    Removing gd32f10x_sdio.o(i.sdio_csm_disable), (20 bytes).
    Removing gd32f10x_sdio.o(i.sdio_csm_enable), (20 bytes).
    Removing gd32f10x_sdio.o(i.sdio_data_config), (52 bytes).
    Removing gd32f10x_sdio.o(i.sdio_data_counter_get), (12 bytes).
    Removing gd32f10x_sdio.o(i.sdio_data_read), (12 bytes).
    Removing gd32f10x_sdio.o(i.sdio_data_transfer_config), (28 bytes).
    Removing gd32f10x_sdio.o(i.sdio_data_write), (12 bytes).
    Removing gd32f10x_sdio.o(i.sdio_deinit), (28 bytes).
    Removing gd32f10x_sdio.o(i.sdio_dma_disable), (20 bytes).
    Removing gd32f10x_sdio.o(i.sdio_dma_enable), (20 bytes).
    Removing gd32f10x_sdio.o(i.sdio_dsm_disable), (20 bytes).
    Removing gd32f10x_sdio.o(i.sdio_dsm_enable), (20 bytes).
    Removing gd32f10x_sdio.o(i.sdio_fifo_counter_get), (12 bytes).
    Removing gd32f10x_sdio.o(i.sdio_flag_clear), (12 bytes).
    Removing gd32f10x_sdio.o(i.sdio_flag_get), (20 bytes).
    Removing gd32f10x_sdio.o(i.sdio_hardware_clock_disable), (20 bytes).
    Removing gd32f10x_sdio.o(i.sdio_hardware_clock_enable), (20 bytes).
    Removing gd32f10x_sdio.o(i.sdio_interrupt_disable), (16 bytes).
    Removing gd32f10x_sdio.o(i.sdio_interrupt_enable), (16 bytes).
    Removing gd32f10x_sdio.o(i.sdio_interrupt_flag_clear), (12 bytes).
    Removing gd32f10x_sdio.o(i.sdio_interrupt_flag_get), (24 bytes).
    Removing gd32f10x_sdio.o(i.sdio_operation_disable), (20 bytes).
    Removing gd32f10x_sdio.o(i.sdio_operation_enable), (20 bytes).
    Removing gd32f10x_sdio.o(i.sdio_power_state_get), (12 bytes).
    Removing gd32f10x_sdio.o(i.sdio_power_state_set), (12 bytes).
    Removing gd32f10x_sdio.o(i.sdio_readwait_disable), (20 bytes).
    Removing gd32f10x_sdio.o(i.sdio_readwait_enable), (20 bytes).
    Removing gd32f10x_sdio.o(i.sdio_readwait_type_set), (40 bytes).
    Removing gd32f10x_sdio.o(i.sdio_response_get), (56 bytes).
    Removing gd32f10x_sdio.o(i.sdio_stop_readwait_disable), (20 bytes).
    Removing gd32f10x_sdio.o(i.sdio_stop_readwait_enable), (20 bytes).
    Removing gd32f10x_sdio.o(i.sdio_suspend_disable), (20 bytes).
    Removing gd32f10x_sdio.o(i.sdio_suspend_enable), (20 bytes).
    Removing gd32f10x_sdio.o(i.sdio_wait_type_set), (28 bytes).
    Removing gd32f10x_spi.o(.rev16_text), (4 bytes).
    Removing gd32f10x_spi.o(.revsh_text), (4 bytes).
    Removing gd32f10x_spi.o(i.i2s_disable), (10 bytes).
    Removing gd32f10x_spi.o(i.i2s_enable), (10 bytes).
    Removing gd32f10x_spi.o(i.i2s_init), (28 bytes).
    Removing gd32f10x_spi.o(i.i2s_psc_config), (164 bytes).
    Removing gd32f10x_spi.o(i.spi_bidirectional_transfer_config), (26 bytes).
    Removing gd32f10x_spi.o(i.spi_crc_error_clear), (8 bytes).
    Removing gd32f10x_spi.o(i.spi_crc_get), (16 bytes).
    Removing gd32f10x_spi.o(i.spi_crc_next), (10 bytes).
    Removing gd32f10x_spi.o(i.spi_crc_off), (10 bytes).
    Removing gd32f10x_spi.o(i.spi_crc_on), (10 bytes).
    Removing gd32f10x_spi.o(i.spi_crc_polynomial_get), (8 bytes).
    Removing gd32f10x_spi.o(i.spi_crc_polynomial_set), (12 bytes).
    Removing gd32f10x_spi.o(i.spi_disable), (10 bytes).
    Removing gd32f10x_spi.o(i.spi_dma_disable), (22 bytes).
    Removing gd32f10x_spi.o(i.spi_dma_enable), (22 bytes).
    Removing gd32f10x_spi.o(i.spi_enable), (10 bytes).
    Removing gd32f10x_spi.o(i.spi_i2s_data_frame_format_config), (16 bytes).
    Removing gd32f10x_spi.o(i.spi_i2s_data_receive), (8 bytes).
    Removing gd32f10x_spi.o(i.spi_i2s_data_transmit), (4 bytes).
    Removing gd32f10x_spi.o(i.spi_i2s_deinit), (88 bytes).
    Removing gd32f10x_spi.o(i.spi_i2s_flag_get), (16 bytes).
    Removing gd32f10x_spi.o(i.spi_i2s_interrupt_disable), (8 bytes).
    Removing gd32f10x_spi.o(i.spi_i2s_interrupt_enable), (8 bytes).
    Removing gd32f10x_spi.o(i.spi_i2s_interrupt_flag_get), (100 bytes).
    Removing gd32f10x_spi.o(i.spi_init), (50 bytes).
    Removing gd32f10x_spi.o(i.spi_nss_internal_high), (10 bytes).
    Removing gd32f10x_spi.o(i.spi_nss_internal_low), (10 bytes).
    Removing gd32f10x_spi.o(i.spi_nss_output_disable), (10 bytes).
    Removing gd32f10x_spi.o(i.spi_nss_output_enable), (10 bytes).
    Removing gd32f10x_spi.o(i.spi_struct_para_init), (18 bytes).
    Removing gd32f10x_timer.o(.rev16_text), (4 bytes).
    Removing gd32f10x_timer.o(.revsh_text), (4 bytes).
    Removing gd32f10x_timer.o(i.timer_auto_reload_shadow_disable), (10 bytes).
    Removing gd32f10x_timer.o(i.timer_auto_reload_shadow_enable), (10 bytes).
    Removing gd32f10x_timer.o(i.timer_automatic_output_disable), (10 bytes).
    Removing gd32f10x_timer.o(i.timer_automatic_output_enable), (10 bytes).
    Removing gd32f10x_timer.o(i.timer_autoreload_value_config), (4 bytes).
    Removing gd32f10x_timer.o(i.timer_break_config), (30 bytes).
    Removing gd32f10x_timer.o(i.timer_break_disable), (10 bytes).
    Removing gd32f10x_timer.o(i.timer_break_enable), (10 bytes).
    Removing gd32f10x_timer.o(i.timer_break_struct_para_init), (18 bytes).
    Removing gd32f10x_timer.o(i.timer_channel_capture_value_register_read), (42 bytes).
    Removing gd32f10x_timer.o(i.timer_channel_complementary_output_polarity_config), (70 bytes).
    Removing gd32f10x_timer.o(i.timer_channel_complementary_output_state_config), (70 bytes).
    Removing gd32f10x_timer.o(i.timer_channel_control_shadow_config), (24 bytes).
    Removing gd32f10x_timer.o(i.timer_channel_control_shadow_update_config), (26 bytes).
    Removing gd32f10x_timer.o(i.timer_channel_dma_request_source_select), (26 bytes).
    Removing gd32f10x_timer.o(i.timer_channel_input_capture_prescaler_config), (90 bytes).
    Removing gd32f10x_timer.o(i.timer_channel_input_struct_para_init), (16 bytes).
    Removing gd32f10x_timer.o(i.timer_channel_output_clear_config), (90 bytes).
    Removing gd32f10x_timer.o(i.timer_channel_output_config), (492 bytes).
    Removing gd32f10x_timer.o(i.timer_channel_output_fast_config), (90 bytes).
    Removing gd32f10x_timer.o(i.timer_channel_output_mode_config), (90 bytes).
    Removing gd32f10x_timer.o(i.timer_channel_output_polarity_config), (92 bytes).
    Removing gd32f10x_timer.o(i.timer_channel_output_pulse_value_config), (38 bytes).
    Removing gd32f10x_timer.o(i.timer_channel_output_shadow_config), (90 bytes).
    Removing gd32f10x_timer.o(i.timer_channel_output_state_config), (92 bytes).
    Removing gd32f10x_timer.o(i.timer_channel_output_struct_para_init), (16 bytes).
    Removing gd32f10x_timer.o(i.timer_counter_alignment), (16 bytes).
    Removing gd32f10x_timer.o(i.timer_counter_down_direction), (10 bytes).
    Removing gd32f10x_timer.o(i.timer_counter_read), (8 bytes).
    Removing gd32f10x_timer.o(i.timer_counter_up_direction), (10 bytes).
    Removing gd32f10x_timer.o(i.timer_counter_value_config), (4 bytes).
    Removing gd32f10x_timer.o(i.timer_disable), (10 bytes).
    Removing gd32f10x_timer.o(i.timer_dma_disable), (8 bytes).
    Removing gd32f10x_timer.o(i.timer_dma_enable), (8 bytes).
    Removing gd32f10x_timer.o(i.timer_dma_transfer_config), (24 bytes).
    Removing gd32f10x_timer.o(i.timer_event_software_generate), (8 bytes).
    Removing gd32f10x_timer.o(i.timer_external_clock_mode0_config), (40 bytes).
    Removing gd32f10x_timer.o(i.timer_external_clock_mode1_config), (32 bytes).
    Removing gd32f10x_timer.o(i.timer_external_clock_mode1_disable), (10 bytes).
    Removing gd32f10x_timer.o(i.timer_external_trigger_as_external_clock_config), (166 bytes).
    Removing gd32f10x_timer.o(i.timer_external_trigger_config), (30 bytes).
    Removing gd32f10x_timer.o(i.timer_flag_clear), (6 bytes).
    Removing gd32f10x_timer.o(i.timer_flag_get), (16 bytes).
    Removing gd32f10x_timer.o(i.timer_hall_mode_config), (26 bytes).
    Removing gd32f10x_timer.o(i.timer_input_capture_config), (326 bytes).
    Removing gd32f10x_timer.o(i.timer_input_pwm_capture_config), (356 bytes).
    Removing gd32f10x_timer.o(i.timer_input_trigger_source_select), (16 bytes).
    Removing gd32f10x_timer.o(i.timer_internal_clock_config), (10 bytes).
    Removing gd32f10x_timer.o(i.timer_internal_trigger_as_external_clock_config), (32 bytes).
    Removing gd32f10x_timer.o(i.timer_interrupt_disable), (8 bytes).
    Removing gd32f10x_timer.o(i.timer_master_output_trigger_source_select), (16 bytes).
    Removing gd32f10x_timer.o(i.timer_master_slave_mode_config), (26 bytes).
    Removing gd32f10x_timer.o(i.timer_prescaler_config), (16 bytes).
    Removing gd32f10x_timer.o(i.timer_prescaler_read), (10 bytes).
    Removing gd32f10x_timer.o(i.timer_primary_output_config), (24 bytes).
    Removing gd32f10x_timer.o(i.timer_quadrature_decoder_mode_config), (64 bytes).
    Removing gd32f10x_timer.o(i.timer_repetition_value_config), (4 bytes).
    Removing gd32f10x_timer.o(i.timer_single_pulse_mode_config), (26 bytes).
    Removing gd32f10x_timer.o(i.timer_slave_mode_select), (16 bytes).
    Removing gd32f10x_timer.o(i.timer_struct_para_init), (22 bytes).
    Removing gd32f10x_timer.o(i.timer_update_event_disable), (10 bytes).
    Removing gd32f10x_timer.o(i.timer_update_event_enable), (10 bytes).
    Removing gd32f10x_timer.o(i.timer_update_source_config), (26 bytes).
    Removing gd32f10x_usart.o(.rev16_text), (4 bytes).
    Removing gd32f10x_usart.o(.revsh_text), (4 bytes).
    Removing gd32f10x_usart.o(i.usart_address_config), (20 bytes).
    Removing gd32f10x_usart.o(i.usart_disable), (10 bytes).
    Removing gd32f10x_usart.o(i.usart_dma_receive_config), (20 bytes).
    Removing gd32f10x_usart.o(i.usart_dma_transmit_config), (20 bytes).
    Removing gd32f10x_usart.o(i.usart_flag_clear), (18 bytes).
    Removing gd32f10x_usart.o(i.usart_guard_time_config), (24 bytes).
    Removing gd32f10x_usart.o(i.usart_halfduplex_disable), (10 bytes).
    Removing gd32f10x_usart.o(i.usart_halfduplex_enable), (10 bytes).
    Removing gd32f10x_usart.o(i.usart_interrupt_disable), (26 bytes).
    Removing gd32f10x_usart.o(i.usart_interrupt_flag_clear), (18 bytes).
    Removing gd32f10x_usart.o(i.usart_irda_lowpower_config), (20 bytes).
    Removing gd32f10x_usart.o(i.usart_irda_mode_disable), (10 bytes).
    Removing gd32f10x_usart.o(i.usart_irda_mode_enable), (10 bytes).
    Removing gd32f10x_usart.o(i.usart_lin_break_detection_length_config), (20 bytes).
    Removing gd32f10x_usart.o(i.usart_lin_mode_disable), (10 bytes).
    Removing gd32f10x_usart.o(i.usart_lin_mode_enable), (10 bytes).
    Removing gd32f10x_usart.o(i.usart_mute_mode_disable), (10 bytes).
    Removing gd32f10x_usart.o(i.usart_mute_mode_enable), (10 bytes).
    Removing gd32f10x_usart.o(i.usart_mute_mode_wakeup_config), (16 bytes).
    Removing gd32f10x_usart.o(i.usart_prescaler_config), (16 bytes).
    Removing gd32f10x_usart.o(i.usart_send_break), (10 bytes).
    Removing gd32f10x_usart.o(i.usart_smartcard_mode_disable), (10 bytes).
    Removing gd32f10x_usart.o(i.usart_smartcard_mode_enable), (10 bytes).
    Removing gd32f10x_usart.o(i.usart_smartcard_mode_nack_disable), (10 bytes).
    Removing gd32f10x_usart.o(i.usart_smartcard_mode_nack_enable), (10 bytes).
    Removing gd32f10x_usart.o(i.usart_synchronous_clock_config), (34 bytes).
    Removing gd32f10x_usart.o(i.usart_synchronous_clock_disable), (10 bytes).
    Removing gd32f10x_usart.o(i.usart_synchronous_clock_enable), (10 bytes).
    Removing gd32f10x_wwdgt.o(.rev16_text), (4 bytes).
    Removing gd32f10x_wwdgt.o(.revsh_text), (4 bytes).
    Removing gd32f10x_wwdgt.o(i.wwdgt_config), (28 bytes).
    Removing gd32f10x_wwdgt.o(i.wwdgt_counter_update), (16 bytes).
    Removing gd32f10x_wwdgt.o(i.wwdgt_deinit), (20 bytes).
    Removing gd32f10x_wwdgt.o(i.wwdgt_enable), (20 bytes).
    Removing gd32f10x_wwdgt.o(i.wwdgt_flag_clear), (12 bytes).
    Removing gd32f10x_wwdgt.o(i.wwdgt_flag_get), (24 bytes).
    Removing gd32f10x_wwdgt.o(i.wwdgt_interrupt_enable), (20 bytes).
    Removing startup_gd32f10x_hd.o(HEAP), (512 bytes).

555 unused section(s) (total 19955 bytes) removed from the image.

==============================================================================

Image Symbol Table

    Local Symbols

    Symbol Name                              Value     Ov Type        Size  Object(Section)

    ../clib/microlib/division.c              0x00000000   Number         0  uldiv.o ABSOLUTE
    ../clib/microlib/division.c              0x00000000   Number         0  uidiv.o ABSOLUTE
    ../clib/microlib/init/entry.s            0x00000000   Number         0  entry.o ABSOLUTE
    ../clib/microlib/init/entry.s            0x00000000   Number         0  entry10b.o ABSOLUTE
    ../clib/microlib/init/entry.s            0x00000000   Number         0  entry10a.o ABSOLUTE
    ../clib/microlib/init/entry.s            0x00000000   Number         0  entry9b.o ABSOLUTE
    ../clib/microlib/init/entry.s            0x00000000   Number         0  entry7b.o ABSOLUTE
    ../clib/microlib/init/entry.s            0x00000000   Number         0  entry9a.o ABSOLUTE
    ../clib/microlib/init/entry.s            0x00000000   Number         0  entry11b.o ABSOLUTE
    ../clib/microlib/init/entry.s            0x00000000   Number         0  entry2.o ABSOLUTE
    ../clib/microlib/init/entry.s            0x00000000   Number         0  entry8a.o ABSOLUTE
    ../clib/microlib/init/entry.s            0x00000000   Number         0  entry5.o ABSOLUTE
    ../clib/microlib/init/entry.s            0x00000000   Number         0  entry8b.o ABSOLUTE
    ../clib/microlib/init/entry.s            0x00000000   Number         0  entry11a.o ABSOLUTE
    ../clib/microlib/init/entry.s            0x00000000   Number         0  entry12b.o ABSOLUTE
    ../clib/microlib/init/entry.s            0x00000000   Number         0  entry7a.o ABSOLUTE
    ../clib/microlib/init/entry.s            0x00000000   Number         0  entry12a.o ABSOLUTE
    ../clib/microlib/longlong.c              0x00000000   Number         0  llsshr.o ABSOLUTE
    ../clib/microlib/longlong.c              0x00000000   Number         0  llushr.o ABSOLUTE
    ../clib/microlib/longlong.c              0x00000000   Number         0  llshl.o ABSOLUTE
    ../clib/microlib/printf/printf.c         0x00000000   Number         0  printf4.o ABSOLUTE
    ../clib/microlib/printf/printf.c         0x00000000   Number         0  printf5.o ABSOLUTE
    ../clib/microlib/printf/printf.c         0x00000000   Number         0  printf7.o ABSOLUTE
    ../clib/microlib/printf/printf.c         0x00000000   Number         0  printf8.o ABSOLUTE
    ../clib/microlib/printf/printf.c         0x00000000   Number         0  printfa.o ABSOLUTE
    ../clib/microlib/printf/printf.c         0x00000000   Number         0  printf1.o ABSOLUTE
    ../clib/microlib/printf/printf.c         0x00000000   Number         0  printf6.o ABSOLUTE
    ../clib/microlib/printf/printf.c         0x00000000   Number         0  printf0.o ABSOLUTE
    ../clib/microlib/printf/printf.c         0x00000000   Number         0  printf2.o ABSOLUTE
    ../clib/microlib/printf/printf.c         0x00000000   Number         0  printf3.o ABSOLUTE
    ../clib/microlib/printf/printf.c         0x00000000   Number         0  printfb.o ABSOLUTE
    ../clib/microlib/printf/stubs.s          0x00000000   Number         0  stubs.o ABSOLUTE
    ../clib/microlib/stdio/streams.c         0x00000000   Number         0  stdout.o ABSOLUTE
    ../clib/microlib/string/memcpy.c         0x00000000   Number         0  memcpya.o ABSOLUTE
    ../clib/microlib/string/memcpy.c         0x00000000   Number         0  memcpyb.o ABSOLUTE
    ../clib/microlib/string/strlen.c         0x00000000   Number         0  strlen.o ABSOLUTE
    ../clib/microlib/stubs.s                 0x00000000   Number         0  iusefp.o ABSOLUTE
    ../fplib/microlib/d2f.c                  0x00000000   Number         0  d2f.o ABSOLUTE
    ../fplib/microlib/f2d.c                  0x00000000   Number         0  f2d.o ABSOLUTE
    ../fplib/microlib/fpadd.c                0x00000000   Number         0  dadd.o ABSOLUTE
    ../fplib/microlib/fpdiv.c                0x00000000   Number         0  ddiv.o ABSOLUTE
    ../fplib/microlib/fpepilogue.c           0x00000000   Number         0  depilogue.o ABSOLUTE
    ../fplib/microlib/fpepilogue.c           0x00000000   Number         0  fepilogue.o ABSOLUTE
    ../fplib/microlib/fpfix.c                0x00000000   Number         0  dfixul.o ABSOLUTE
    ../fplib/microlib/fpflt.c                0x00000000   Number         0  dfltui.o ABSOLUTE
    ../fplib/microlib/fpmul.c                0x00000000   Number         0  dmul.o ABSOLUTE
    ..\..\Firmware\CMSIS\GD\GD32F10x\Source\ARM\startup_gd32f10x_hd.s 0x00000000   Number         0  startup_gd32f10x_hd.o ABSOLUTE
    ..\..\Firmware\CMSIS\GD\GD32F10x\Source\system_gd32f10x.c 0x00000000   Number         0  system_gd32f10x.o ABSOLUTE
    ..\..\Firmware\GD32F10x_standard_peripheral\Source\gd32f10x_adc.c 0x00000000   Number         0  gd32f10x_adc.o ABSOLUTE
    ..\..\Firmware\GD32F10x_standard_peripheral\Source\gd32f10x_bkp.c 0x00000000   Number         0  gd32f10x_bkp.o ABSOLUTE
    ..\..\Firmware\GD32F10x_standard_peripheral\Source\gd32f10x_can.c 0x00000000   Number         0  gd32f10x_can.o ABSOLUTE
    ..\..\Firmware\GD32F10x_standard_peripheral\Source\gd32f10x_crc.c 0x00000000   Number         0  gd32f10x_crc.o ABSOLUTE
    ..\..\Firmware\GD32F10x_standard_peripheral\Source\gd32f10x_dac.c 0x00000000   Number         0  gd32f10x_dac.o ABSOLUTE
    ..\..\Firmware\GD32F10x_standard_peripheral\Source\gd32f10x_dbg.c 0x00000000   Number         0  gd32f10x_dbg.o ABSOLUTE
    ..\..\Firmware\GD32F10x_standard_peripheral\Source\gd32f10x_dma.c 0x00000000   Number         0  gd32f10x_dma.o ABSOLUTE
    ..\..\Firmware\GD32F10x_standard_peripheral\Source\gd32f10x_enet.c 0x00000000   Number         0  gd32f10x_enet.o ABSOLUTE
    ..\..\Firmware\GD32F10x_standard_peripheral\Source\gd32f10x_exmc.c 0x00000000   Number         0  gd32f10x_exmc.o ABSOLUTE
    ..\..\Firmware\GD32F10x_standard_peripheral\Source\gd32f10x_exti.c 0x00000000   Number         0  gd32f10x_exti.o ABSOLUTE
    ..\..\Firmware\GD32F10x_standard_peripheral\Source\gd32f10x_fmc.c 0x00000000   Number         0  gd32f10x_fmc.o ABSOLUTE
    ..\..\Firmware\GD32F10x_standard_peripheral\Source\gd32f10x_fwdgt.c 0x00000000   Number         0  gd32f10x_fwdgt.o ABSOLUTE
    ..\..\Firmware\GD32F10x_standard_peripheral\Source\gd32f10x_gpio.c 0x00000000   Number         0  gd32f10x_gpio.o ABSOLUTE
    ..\..\Firmware\GD32F10x_standard_peripheral\Source\gd32f10x_i2c.c 0x00000000   Number         0  gd32f10x_i2c.o ABSOLUTE
    ..\..\Firmware\GD32F10x_standard_peripheral\Source\gd32f10x_misc.c 0x00000000   Number         0  gd32f10x_misc.o ABSOLUTE
    ..\..\Firmware\GD32F10x_standard_peripheral\Source\gd32f10x_pmu.c 0x00000000   Number         0  gd32f10x_pmu.o ABSOLUTE
    ..\..\Firmware\GD32F10x_standard_peripheral\Source\gd32f10x_rcu.c 0x00000000   Number         0  gd32f10x_rcu.o ABSOLUTE
    ..\..\Firmware\GD32F10x_standard_peripheral\Source\gd32f10x_rtc.c 0x00000000   Number         0  gd32f10x_rtc.o ABSOLUTE
    ..\..\Firmware\GD32F10x_standard_peripheral\Source\gd32f10x_sdio.c 0x00000000   Number         0  gd32f10x_sdio.o ABSOLUTE
    ..\..\Firmware\GD32F10x_standard_peripheral\Source\gd32f10x_spi.c 0x00000000   Number         0  gd32f10x_spi.o ABSOLUTE
    ..\..\Firmware\GD32F10x_standard_peripheral\Source\gd32f10x_timer.c 0x00000000   Number         0  gd32f10x_timer.o ABSOLUTE
    ..\..\Firmware\GD32F10x_standard_peripheral\Source\gd32f10x_usart.c 0x00000000   Number         0  gd32f10x_usart.o ABSOLUTE
    ..\..\Firmware\GD32F10x_standard_peripheral\Source\gd32f10x_wwdgt.c 0x00000000   Number         0  gd32f10x_wwdgt.o ABSOLUTE
    ..\\..\\Firmware\\CMSIS\\GD\\GD32F10x\\Source\\system_gd32f10x.c 0x00000000   Number         0  system_gd32f10x.o ABSOLUTE
    ..\\..\\Firmware\\GD32F10x_standard_peripheral\\Source\\gd32f10x_adc.c 0x00000000   Number         0  gd32f10x_adc.o ABSOLUTE
    ..\\..\\Firmware\\GD32F10x_standard_peripheral\\Source\\gd32f10x_bkp.c 0x00000000   Number         0  gd32f10x_bkp.o ABSOLUTE
    ..\\..\\Firmware\\GD32F10x_standard_peripheral\\Source\\gd32f10x_can.c 0x00000000   Number         0  gd32f10x_can.o ABSOLUTE
    ..\\..\\Firmware\\GD32F10x_standard_peripheral\\Source\\gd32f10x_crc.c 0x00000000   Number         0  gd32f10x_crc.o ABSOLUTE
    ..\\..\\Firmware\\GD32F10x_standard_peripheral\\Source\\gd32f10x_dac.c 0x00000000   Number         0  gd32f10x_dac.o ABSOLUTE
    ..\\..\\Firmware\\GD32F10x_standard_peripheral\\Source\\gd32f10x_dbg.c 0x00000000   Number         0  gd32f10x_dbg.o ABSOLUTE
    ..\\..\\Firmware\\GD32F10x_standard_peripheral\\Source\\gd32f10x_dma.c 0x00000000   Number         0  gd32f10x_dma.o ABSOLUTE
    ..\\..\\Firmware\\GD32F10x_standard_peripheral\\Source\\gd32f10x_enet.c 0x00000000   Number         0  gd32f10x_enet.o ABSOLUTE
    ..\\..\\Firmware\\GD32F10x_standard_peripheral\\Source\\gd32f10x_exmc.c 0x00000000   Number         0  gd32f10x_exmc.o ABSOLUTE
    ..\\..\\Firmware\\GD32F10x_standard_peripheral\\Source\\gd32f10x_exti.c 0x00000000   Number         0  gd32f10x_exti.o ABSOLUTE
    ..\\..\\Firmware\\GD32F10x_standard_peripheral\\Source\\gd32f10x_fmc.c 0x00000000   Number         0  gd32f10x_fmc.o ABSOLUTE
    ..\\..\\Firmware\\GD32F10x_standard_peripheral\\Source\\gd32f10x_fwdgt.c 0x00000000   Number         0  gd32f10x_fwdgt.o ABSOLUTE
    ..\\..\\Firmware\\GD32F10x_standard_peripheral\\Source\\gd32f10x_gpio.c 0x00000000   Number         0  gd32f10x_gpio.o ABSOLUTE
    ..\\..\\Firmware\\GD32F10x_standard_peripheral\\Source\\gd32f10x_i2c.c 0x00000000   Number         0  gd32f10x_i2c.o ABSOLUTE
    ..\\..\\Firmware\\GD32F10x_standard_peripheral\\Source\\gd32f10x_misc.c 0x00000000   Number         0  gd32f10x_misc.o ABSOLUTE
    ..\\..\\Firmware\\GD32F10x_standard_peripheral\\Source\\gd32f10x_pmu.c 0x00000000   Number         0  gd32f10x_pmu.o ABSOLUTE
    ..\\..\\Firmware\\GD32F10x_standard_peripheral\\Source\\gd32f10x_rcu.c 0x00000000   Number         0  gd32f10x_rcu.o ABSOLUTE
    ..\\..\\Firmware\\GD32F10x_standard_peripheral\\Source\\gd32f10x_rtc.c 0x00000000   Number         0  gd32f10x_rtc.o ABSOLUTE
    ..\\..\\Firmware\\GD32F10x_standard_peripheral\\Source\\gd32f10x_sdio.c 0x00000000   Number         0  gd32f10x_sdio.o ABSOLUTE
    ..\\..\\Firmware\\GD32F10x_standard_peripheral\\Source\\gd32f10x_spi.c 0x00000000   Number         0  gd32f10x_spi.o ABSOLUTE
    ..\\..\\Firmware\\GD32F10x_standard_peripheral\\Source\\gd32f10x_timer.c 0x00000000   Number         0  gd32f10x_timer.o ABSOLUTE
    ..\\..\\Firmware\\GD32F10x_standard_peripheral\\Source\\gd32f10x_usart.c 0x00000000   Number         0  gd32f10x_usart.o ABSOLUTE
    ..\\..\\Firmware\\GD32F10x_standard_peripheral\\Source\\gd32f10x_wwdgt.c 0x00000000   Number         0  gd32f10x_wwdgt.o ABSOLUTE
    ..\\user\\App.c                          0x00000000   Number         0  app.o ABSOLUTE
    ..\\user\\adc.c                          0x00000000   Number         0  adc.o ABSOLUTE
    ..\\user\\gd32f10x_it.c                  0x00000000   Number         0  gd32f10x_it.o ABSOLUTE
    ..\\user\\gpio.c                         0x00000000   Number         0  gpio.o ABSOLUTE
    ..\\user\\main.c                         0x00000000   Number         0  main.o ABSOLUTE
    ..\\user\\systick.c                      0x00000000   Number         0  systick.o ABSOLUTE
    ..\\user\\tim.c                          0x00000000   Number         0  tim.o ABSOLUTE
    ..\\user\\usart.c                        0x00000000   Number         0  usart.o ABSOLUTE
    ..\user\App.c                            0x00000000   Number         0  app.o ABSOLUTE
    ..\user\adc.c                            0x00000000   Number         0  adc.o ABSOLUTE
    ..\user\gd32f10x_it.c                    0x00000000   Number         0  gd32f10x_it.o ABSOLUTE
    ..\user\gpio.c                           0x00000000   Number         0  gpio.o ABSOLUTE
    ..\user\main.c                           0x00000000   Number         0  main.o ABSOLUTE
    ..\user\systick.c                        0x00000000   Number         0  systick.o ABSOLUTE
    ..\user\tim.c                            0x00000000   Number         0  tim.o ABSOLUTE
    ..\user\usart.c                          0x00000000   Number         0  usart.o ABSOLUTE
    cdcmple.s                                0x00000000   Number         0  cdcmple.o ABSOLUTE
    cdrcmple.s                               0x00000000   Number         0  cdrcmple.o ABSOLUTE
    dc.s                                     0x00000000   Number         0  dc.o ABSOLUTE
    handlers.s                               0x00000000   Number         0  handlers.o ABSOLUTE
    init.s                                   0x00000000   Number         0  init.o ABSOLUTE
    RESET                                    0x08000000   Section      304  startup_gd32f10x_hd.o(RESET)
    .ARM.Collect$$$$00000000                 0x08000130   Section        0  entry.o(.ARM.Collect$$$$00000000)
    .ARM.Collect$$$$00000001                 0x08000130   Section        4  entry2.o(.ARM.Collect$$$$00000001)
    .ARM.Collect$$$$00000004                 0x08000134   Section        4  entry5.o(.ARM.Collect$$$$00000004)
    .ARM.Collect$$$$00000008                 0x08000138   Section        0  entry7b.o(.ARM.Collect$$$$00000008)
    .ARM.Collect$$$$0000000A                 0x08000138   Section        0  entry8b.o(.ARM.Collect$$$$0000000A)
    .ARM.Collect$$$$0000000B                 0x08000138   Section        8  entry9a.o(.ARM.Collect$$$$0000000B)
    .ARM.Collect$$$$0000000E                 0x08000140   Section        4  entry12b.o(.ARM.Collect$$$$0000000E)
    .ARM.Collect$$$$0000000F                 0x08000144   Section        0  entry10a.o(.ARM.Collect$$$$0000000F)
    .ARM.Collect$$$$00000011                 0x08000144   Section        0  entry11a.o(.ARM.Collect$$$$00000011)
    .ARM.Collect$$$$00002712                 0x08000144   Section        4  entry2.o(.ARM.Collect$$$$00002712)
    __lit__00000000                          0x08000144   Data           4  entry2.o(.ARM.Collect$$$$00002712)
    .text                                    0x08000148   Section       36  startup_gd32f10x_hd.o(.text)
    .text                                    0x0800016c   Section        0  memcpya.o(.text)
    .text                                    0x08000190   Section        0  dmul.o(.text)
    .text                                    0x08000274   Section        0  ddiv.o(.text)
    .text                                    0x08000352   Section        0  dfltui.o(.text)
    .text                                    0x0800036c   Section        0  f2d.o(.text)
    .text                                    0x08000394   Section       48  cdcmple.o(.text)
    .text                                    0x080003c4   Section       48  cdrcmple.o(.text)
    .text                                    0x080003f4   Section        0  d2f.o(.text)
    .text                                    0x0800042c   Section        0  uidiv.o(.text)
    .text                                    0x08000458   Section        0  uldiv.o(.text)
    .text                                    0x080004ba   Section        0  fepilogue.o(.text)
    .text                                    0x080004ba   Section        0  iusefp.o(.text)
    .text                                    0x08000528   Section        0  depilogue.o(.text)
    .text                                    0x080005e2   Section        0  dadd.o(.text)
    .text                                    0x08000730   Section        0  dfixul.o(.text)
    .text                                    0x08000760   Section       36  init.o(.text)
    .text                                    0x08000784   Section        0  llshl.o(.text)
    .text                                    0x080007a2   Section        0  llushr.o(.text)
    .text                                    0x080007c2   Section        0  llsshr.o(.text)
    i.BusFault_Handler                       0x080007e6   Section        0  gd32f10x_it.o(i.BusFault_Handler)
    i.ClearDog                               0x080007ec   Section        0  app.o(i.ClearDog)
    i.Crc_RTU_Data                           0x08000800   Section        0  app.o(i.Crc_RTU_Data)
    i.DebugMon_Handler                       0x0800083e   Section        0  gd32f10x_it.o(i.DebugMon_Handler)
    i.DelRxdate                              0x08000844   Section        0  app.o(i.DelRxdate)
    i.DogOff                                 0x08000a10   Section        0  app.o(i.DogOff)
    i.DogOn                                  0x08000a48   Section        0  app.o(i.DogOn)
    i.EXTI10_15_IRQHandler                   0x08000a80   Section        0  gd32f10x_it.o(i.EXTI10_15_IRQHandler)
    i.EXTI1_IRQHandler                       0x08000ac0   Section        0  gd32f10x_it.o(i.EXTI1_IRQHandler)
    i.GPIO_TogglePin                         0x08000b18   Section        0  gpio.o(i.GPIO_TogglePin)
    i.GetADC5                                0x08000b40   Section        0  adc.o(i.GetADC5)
    i.GetAddr                                0x08000b68   Section        0  app.o(i.GetAddr)
    i.GetSensorAdd                           0x08000bb4   Section        0  app.o(i.GetSensorAdd)
    i.HardFault_Handler                      0x08000c00   Section        0  gd32f10x_it.o(i.HardFault_Handler)
    i.MX_GPIO_Init                           0x08000c04   Section        0  gpio.o(i.MX_GPIO_Init)
    i.MemManage_Handler                      0x08000f0c   Section        0  gd32f10x_it.o(i.MemManage_Handler)
    i.NMI_Handler                            0x08000f10   Section        0  gd32f10x_it.o(i.NMI_Handler)
    i.NVIC_SetPriority                       0x08000f14   Section        0  systick.o(i.NVIC_SetPriority)
    NVIC_SetPriority                         0x08000f15   Thumb Code    32  systick.o(i.NVIC_SetPriority)
    i.PendSV_Handler                         0x08000f3c   Section        0  gd32f10x_it.o(i.PendSV_Handler)
    i.ResetUsart                             0x08000f40   Section        0  usart.o(i.ResetUsart)
    i.SVC_Handler                            0x08000f5c   Section        0  gd32f10x_it.o(i.SVC_Handler)
    i.SendSensorState                        0x08000f60   Section        0  app.o(i.SendSensorState)
    i.SensorCheck                            0x080011f4   Section        0  app.o(i.SensorCheck)
    i.SysTemInit                             0x08001474   Section        0  app.o(i.SysTemInit)
    i.SysTick_Handler                        0x08001500   Section        0  gd32f10x_it.o(i.SysTick_Handler)
    i.SystemInit                             0x080015f8   Section        0  system_gd32f10x.o(i.SystemInit)
    i.TIMER6_IRQHandler                      0x080016cc   Section        0  gd32f10x_it.o(i.TIMER6_IRQHandler)
    i.UART_Send_Nbytes                       0x08001744   Section        0  usart.o(i.UART_Send_Nbytes)
    i.UART_send_byte                         0x08001760   Section        0  usart.o(i.UART_send_byte)
    i.USART2_IRQHandler                      0x08001780   Section        0  gd32f10x_it.o(i.USART2_IRQHandler)
    i.UsageFault_Handler                     0x080017f4   Section        0  gd32f10x_it.o(i.UsageFault_Handler)
    i.__0printf                              0x080017f8   Section        0  printfa.o(i.__0printf)
    i.__scatterload_copy                     0x08001818   Section       14  handlers.o(i.__scatterload_copy)
    i.__scatterload_null                     0x08001826   Section        2  handlers.o(i.__scatterload_null)
    i.__scatterload_zeroinit                 0x08001828   Section       14  handlers.o(i.__scatterload_zeroinit)
    i._fp_digits                             0x08001838   Section        0  printfa.o(i._fp_digits)
    _fp_digits                               0x08001839   Thumb Code   366  printfa.o(i._fp_digits)
    i._printf_core                           0x080019bc   Section        0  printfa.o(i._printf_core)
    _printf_core                             0x080019bd   Thumb Code  1704  printfa.o(i._printf_core)
    i._printf_post_padding                   0x08002070   Section        0  printfa.o(i._printf_post_padding)
    _printf_post_padding                     0x08002071   Thumb Code    36  printfa.o(i._printf_post_padding)
    i._printf_pre_padding                    0x08002094   Section        0  printfa.o(i._printf_pre_padding)
    _printf_pre_padding                      0x08002095   Thumb Code    46  printfa.o(i._printf_pre_padding)
    i.adc_calibration_enable                 0x080020c2   Section        0  gd32f10x_adc.o(i.adc_calibration_enable)
    i.adc_channel_length_config              0x080020ec   Section        0  gd32f10x_adc.o(i.adc_channel_length_config)
    i.adc_channel_sample                     0x08002134   Section        0  adc.o(i.adc_channel_sample)
    i.adc_config                             0x08002170   Section        0  adc.o(i.adc_config)
    i.adc_data_alignment_config              0x080021c8   Section        0  gd32f10x_adc.o(i.adc_data_alignment_config)
    i.adc_deinit                             0x080021e0   Section        0  gd32f10x_adc.o(i.adc_deinit)
    i.adc_enable                             0x08002238   Section        0  gd32f10x_adc.o(i.adc_enable)
    i.adc_external_trigger_config            0x0800224a   Section        0  gd32f10x_adc.o(i.adc_external_trigger_config)
    i.adc_external_trigger_source_config     0x08002288   Section        0  gd32f10x_adc.o(i.adc_external_trigger_source_config)
    i.adc_flag_clear                         0x080022b8   Section        0  gd32f10x_adc.o(i.adc_flag_clear)
    i.adc_flag_get                           0x080022c0   Section        0  gd32f10x_adc.o(i.adc_flag_get)
    i.adc_mode_config                        0x080022d0   Section        0  gd32f10x_adc.o(i.adc_mode_config)
    i.adc_regular_channel_config             0x080022ec   Section        0  gd32f10x_adc.o(i.adc_regular_channel_config)
    i.adc_regular_data_read                  0x08002398   Section        0  gd32f10x_adc.o(i.adc_regular_data_read)
    i.adc_software_trigger_enable            0x080023a0   Section        0  gd32f10x_adc.o(i.adc_software_trigger_enable)
    i.delay_ms                               0x080023be   Section        0  app.o(i.delay_ms)
    i.delay_us                               0x080023d8   Section        0  app.o(i.delay_us)
    i.exti_init                              0x080023f4   Section        0  gd32f10x_exti.o(i.exti_init)
    i.exti_interrupt_flag_clear              0x080024b0   Section        0  gd32f10x_exti.o(i.exti_interrupt_flag_clear)
    i.exti_interrupt_flag_get                0x080024bc   Section        0  gd32f10x_exti.o(i.exti_interrupt_flag_get)
    i.fputc                                  0x080024d4   Section        0  usart.o(i.fputc)
    i.gd_eval_com0_init                      0x080024f8   Section        0  usart.o(i.gd_eval_com0_init)
    i.gd_eval_com2_init                      0x08002578   Section        0  usart.o(i.gd_eval_com2_init)
    i.gpio_bit_write                         0x08002628   Section        0  gd32f10x_gpio.o(i.gpio_bit_write)
    i.gpio_config                            0x08002634   Section        0  adc.o(i.gpio_config)
    i.gpio_exti_source_select                0x08002664   Section        0  gd32f10x_gpio.o(i.gpio_exti_source_select)
    i.gpio_init                              0x080026fc   Section        0  gd32f10x_gpio.o(i.gpio_init)
    i.gpio_input_bit_get                     0x080027a8   Section        0  gd32f10x_gpio.o(i.gpio_input_bit_get)
    i.gpio_output_bit_get                    0x080027b8   Section        0  gd32f10x_gpio.o(i.gpio_output_bit_get)
    i.gpio_pin_remap_config                  0x080027c8   Section        0  gd32f10x_gpio.o(i.gpio_pin_remap_config)
    i.main                                   0x08002858   Section        0  main.o(i.main)
    i.nvic_irq_enable                        0x080029b4   Section        0  gd32f10x_misc.o(i.nvic_irq_enable)
    i.nvic_priority_group_set                0x08002a60   Section        0  gd32f10x_misc.o(i.nvic_priority_group_set)
    i.nvic_vector_table_set                  0x08002a74   Section        0  gd32f10x_misc.o(i.nvic_vector_table_set)
    i.rcu_adc_clock_config                   0x08002a8c   Section        0  gd32f10x_rcu.o(i.rcu_adc_clock_config)
    i.rcu_clock_freq_get                     0x08002ad4   Section        0  gd32f10x_rcu.o(i.rcu_clock_freq_get)
    i.rcu_config                             0x08002bf8   Section        0  adc.o(i.rcu_config)
    i.rcu_periph_clock_enable                0x08002c1c   Section        0  gd32f10x_rcu.o(i.rcu_periph_clock_enable)
    i.rcu_periph_reset_disable               0x08002c3c   Section        0  gd32f10x_rcu.o(i.rcu_periph_reset_disable)
    i.rcu_periph_reset_enable                0x08002c5c   Section        0  gd32f10x_rcu.o(i.rcu_periph_reset_enable)
    i.system_clock_108m_hxtal                0x08002c7c   Section        0  system_gd32f10x.o(i.system_clock_108m_hxtal)
    system_clock_108m_hxtal                  0x08002c7d   Thumb Code   182  system_gd32f10x.o(i.system_clock_108m_hxtal)
    i.system_clock_config                    0x08002d40   Section        0  system_gd32f10x.o(i.system_clock_config)
    system_clock_config                      0x08002d41   Thumb Code     8  system_gd32f10x.o(i.system_clock_config)
    i.systick_config                         0x08002d48   Section        0  systick.o(i.systick_config)
    i.timer_config                           0x08002d98   Section        0  tim.o(i.timer_config)
    i.timer_deinit                           0x08002df0   Section        0  gd32f10x_timer.o(i.timer_deinit)
    i.timer_enable                           0x08002ecc   Section        0  gd32f10x_timer.o(i.timer_enable)
    i.timer_init                             0x08002ed8   Section        0  gd32f10x_timer.o(i.timer_init)
    i.timer_interrupt_enable                 0x08002fb8   Section        0  gd32f10x_timer.o(i.timer_interrupt_enable)
    i.timer_interrupt_flag_clear             0x08002fc0   Section        0  gd32f10x_timer.o(i.timer_interrupt_flag_clear)
    i.timer_interrupt_flag_get               0x08002fc6   Section        0  gd32f10x_timer.o(i.timer_interrupt_flag_get)
    i.usart_baudrate_set                     0x08002fe0   Section        0  gd32f10x_usart.o(i.usart_baudrate_set)
    i.usart_data_receive                     0x08003070   Section        0  gd32f10x_usart.o(i.usart_data_receive)
    i.usart_data_transmit                    0x0800307a   Section        0  gd32f10x_usart.o(i.usart_data_transmit)
    i.usart_deinit                           0x08003084   Section        0  gd32f10x_usart.o(i.usart_deinit)
    i.usart_enable                           0x08003114   Section        0  gd32f10x_usart.o(i.usart_enable)
    i.usart_flag_get                         0x0800311e   Section        0  gd32f10x_usart.o(i.usart_flag_get)
    i.usart_hardware_flow_cts_config         0x0800313c   Section        0  gd32f10x_usart.o(i.usart_hardware_flow_cts_config)
    i.usart_hardware_flow_rts_config         0x08003150   Section        0  gd32f10x_usart.o(i.usart_hardware_flow_rts_config)
    i.usart_interrupt_enable                 0x08003164   Section        0  gd32f10x_usart.o(i.usart_interrupt_enable)
    i.usart_interrupt_flag_get               0x0800317e   Section        0  gd32f10x_usart.o(i.usart_interrupt_flag_get)
    i.usart_parity_config                    0x080031b6   Section        0  gd32f10x_usart.o(i.usart_parity_config)
    i.usart_receive_config                   0x080031c6   Section        0  gd32f10x_usart.o(i.usart_receive_config)
    i.usart_stop_bit_set                     0x080031d6   Section        0  gd32f10x_usart.o(i.usart_stop_bit_set)
    i.usart_transmit_config                  0x080031e6   Section        0  gd32f10x_usart.o(i.usart_transmit_config)
    i.usart_word_length_set                  0x080031f6   Section        0  gd32f10x_usart.o(i.usart_word_length_set)
    .data                                    0x20000000   Section        4  usart.o(.data)
    .data                                    0x20000004   Section       42  app.o(.data)
    .data                                    0x20000030   Section        4  system_gd32f10x.o(.data)
    .data                                    0x20000034   Section        4  stdout.o(.data)
    .bss                                     0x20000038   Section      256  usart.o(.bss)
    .bss                                     0x20000138   Section       54  app.o(.bss)
    STACK                                    0x20000170   Section     1024  startup_gd32f10x_hd.o(STACK)

    Global Symbols

    Symbol Name                              Value     Ov Type        Size  Object(Section)

    BuildAttributes$$THM_ISAv4$P$D$K$B$S$PE$A:L22UL41UL21$X:L11$S22US41US21$IEEE1$IW$USESV6$~STKCKD$USESV7$~SHL$OTIME$ROPI$EBA8$MICROLIB$REQ8$PRES8$EABIv2 0x00000000   Number         0  anon$$obj.o ABSOLUTE
    __ARM_use_no_argv                        0x00000000   Number         0  main.o ABSOLUTE
    _printf_a                                0x00000000   Number         0  stubs.o ABSOLUTE
    _printf_c                                0x00000000   Number         0  stubs.o ABSOLUTE
    _printf_charcount                        0x00000000   Number         0  stubs.o ABSOLUTE
    _printf_d                                0x00000000   Number         0  stubs.o ABSOLUTE
    _printf_e                                0x00000000   Number         0  stubs.o ABSOLUTE
    _printf_f                                0x00000000   Number         0  stubs.o ABSOLUTE
    _printf_flags                            0x00000000   Number         0  stubs.o ABSOLUTE
    _printf_fp_dec                           0x00000000   Number         0  stubs.o ABSOLUTE
    _printf_fp_hex                           0x00000000   Number         0  stubs.o ABSOLUTE
    _printf_g                                0x00000000   Number         0  stubs.o ABSOLUTE
    _printf_i                                0x00000000   Number         0  stubs.o ABSOLUTE
    _printf_int_dec                          0x00000000   Number         0  stubs.o ABSOLUTE
    _printf_l                                0x00000000   Number         0  stubs.o ABSOLUTE
    _printf_lc                               0x00000000   Number         0  stubs.o ABSOLUTE
    _printf_ll                               0x00000000   Number         0  stubs.o ABSOLUTE
    _printf_lld                              0x00000000   Number         0  stubs.o ABSOLUTE
    _printf_lli                              0x00000000   Number         0  stubs.o ABSOLUTE
    _printf_llo                              0x00000000   Number         0  stubs.o ABSOLUTE
    _printf_llu                              0x00000000   Number         0  stubs.o ABSOLUTE
    _printf_llx                              0x00000000   Number         0  stubs.o ABSOLUTE
    _printf_longlong_dec                     0x00000000   Number         0  stubs.o ABSOLUTE
    _printf_longlong_hex                     0x00000000   Number         0  stubs.o ABSOLUTE
    _printf_longlong_oct                     0x00000000   Number         0  stubs.o ABSOLUTE
    _printf_ls                               0x00000000   Number         0  stubs.o ABSOLUTE
    _printf_mbtowc                           0x00000000   Number         0  stubs.o ABSOLUTE
    _printf_n                                0x00000000   Number         0  stubs.o ABSOLUTE
    _printf_o                                0x00000000   Number         0  stubs.o ABSOLUTE
    _printf_p                                0x00000000   Number         0  stubs.o ABSOLUTE
    _printf_percent                          0x00000000   Number         0  stubs.o ABSOLUTE
    _printf_pre_padding                      0x00000000   Number         0  stubs.o ABSOLUTE
    _printf_return_value                     0x00000000   Number         0  stubs.o ABSOLUTE
    _printf_s                                0x00000000   Number         0  stubs.o ABSOLUTE
    _printf_sizespec                         0x00000000   Number         0  stubs.o ABSOLUTE
    _printf_str                              0x00000000   Number         0  stubs.o ABSOLUTE
    _printf_truncate_signed                  0x00000000   Number         0  stubs.o ABSOLUTE
    _printf_truncate_unsigned                0x00000000   Number         0  stubs.o ABSOLUTE
    _printf_u                                0x00000000   Number         0  stubs.o ABSOLUTE
    _printf_wc                               0x00000000   Number         0  stubs.o ABSOLUTE
    _printf_wctomb                           0x00000000   Number         0  stubs.o ABSOLUTE
    _printf_widthprec                        0x00000000   Number         0  stubs.o ABSOLUTE
    _printf_x                                0x00000000   Number         0  stubs.o ABSOLUTE
    __arm_fini_                               - Undefined Weak Reference
    __cpp_initialize__aeabi_                  - Undefined Weak Reference
    __cxa_finalize                            - Undefined Weak Reference
    __decompress                              - Undefined Weak Reference
    _clock_init                               - Undefined Weak Reference
    _microlib_exit                            - Undefined Weak Reference
    __Vectors_Size                           0x00000130   Number         0  startup_gd32f10x_hd.o ABSOLUTE
    __Vectors                                0x08000000   Data           4  startup_gd32f10x_hd.o(RESET)
    __Vectors_End                            0x08000130   Data           0  startup_gd32f10x_hd.o(RESET)
    __main                                   0x08000131   Thumb Code     0  entry.o(.ARM.Collect$$$$00000000)
    _main_stk                                0x08000131   Thumb Code     0  entry2.o(.ARM.Collect$$$$00000001)
    _main_scatterload                        0x08000135   Thumb Code     0  entry5.o(.ARM.Collect$$$$00000004)
    __main_after_scatterload                 0x08000139   Thumb Code     0  entry5.o(.ARM.Collect$$$$00000004)
    _main_clock                              0x08000139   Thumb Code     0  entry7b.o(.ARM.Collect$$$$00000008)
    _main_cpp_init                           0x08000139   Thumb Code     0  entry8b.o(.ARM.Collect$$$$0000000A)
    _main_init                               0x08000139   Thumb Code     0  entry9a.o(.ARM.Collect$$$$0000000B)
    __rt_lib_shutdown_fini                   0x08000141   Thumb Code     0  entry12b.o(.ARM.Collect$$$$0000000E)
    __rt_final_cpp                           0x08000145   Thumb Code     0  entry10a.o(.ARM.Collect$$$$0000000F)
    __rt_final_exit                          0x08000145   Thumb Code     0  entry11a.o(.ARM.Collect$$$$00000011)
    Reset_Handler                            0x08000149   Thumb Code     8  startup_gd32f10x_hd.o(.text)
    ADC0_1_IRQHandler                        0x08000163   Thumb Code     0  startup_gd32f10x_hd.o(.text)
    ADC2_IRQHandler                          0x08000163   Thumb Code     0  startup_gd32f10x_hd.o(.text)
    CAN0_EWMC_IRQHandler                     0x08000163   Thumb Code     0  startup_gd32f10x_hd.o(.text)
    CAN0_RX1_IRQHandler                      0x08000163   Thumb Code     0  startup_gd32f10x_hd.o(.text)
    DMA0_Channel0_IRQHandler                 0x08000163   Thumb Code     0  startup_gd32f10x_hd.o(.text)
    DMA0_Channel1_IRQHandler                 0x08000163   Thumb Code     0  startup_gd32f10x_hd.o(.text)
    DMA0_Channel2_IRQHandler                 0x08000163   Thumb Code     0  startup_gd32f10x_hd.o(.text)
    DMA0_Channel3_IRQHandler                 0x08000163   Thumb Code     0  startup_gd32f10x_hd.o(.text)
    DMA0_Channel4_IRQHandler                 0x08000163   Thumb Code     0  startup_gd32f10x_hd.o(.text)
    DMA0_Channel5_IRQHandler                 0x08000163   Thumb Code     0  startup_gd32f10x_hd.o(.text)
    DMA0_Channel6_IRQHandler                 0x08000163   Thumb Code     0  startup_gd32f10x_hd.o(.text)
    DMA1_Channel0_IRQHandler                 0x08000163   Thumb Code     0  startup_gd32f10x_hd.o(.text)
    DMA1_Channel1_IRQHandler                 0x08000163   Thumb Code     0  startup_gd32f10x_hd.o(.text)
    DMA1_Channel2_IRQHandler                 0x08000163   Thumb Code     0  startup_gd32f10x_hd.o(.text)
    DMA1_Channel3_4_IRQHandler               0x08000163   Thumb Code     0  startup_gd32f10x_hd.o(.text)
    EXMC_IRQHandler                          0x08000163   Thumb Code     0  startup_gd32f10x_hd.o(.text)
    EXTI0_IRQHandler                         0x08000163   Thumb Code     0  startup_gd32f10x_hd.o(.text)
    EXTI2_IRQHandler                         0x08000163   Thumb Code     0  startup_gd32f10x_hd.o(.text)
    EXTI3_IRQHandler                         0x08000163   Thumb Code     0  startup_gd32f10x_hd.o(.text)
    EXTI4_IRQHandler                         0x08000163   Thumb Code     0  startup_gd32f10x_hd.o(.text)
    EXTI5_9_IRQHandler                       0x08000163   Thumb Code     0  startup_gd32f10x_hd.o(.text)
    FMC_IRQHandler                           0x08000163   Thumb Code     0  startup_gd32f10x_hd.o(.text)
    I2C0_ER_IRQHandler                       0x08000163   Thumb Code     0  startup_gd32f10x_hd.o(.text)
    I2C0_EV_IRQHandler                       0x08000163   Thumb Code     0  startup_gd32f10x_hd.o(.text)
    I2C1_ER_IRQHandler                       0x08000163   Thumb Code     0  startup_gd32f10x_hd.o(.text)
    I2C1_EV_IRQHandler                       0x08000163   Thumb Code     0  startup_gd32f10x_hd.o(.text)
    LVD_IRQHandler                           0x08000163   Thumb Code     0  startup_gd32f10x_hd.o(.text)
    RCU_IRQHandler                           0x08000163   Thumb Code     0  startup_gd32f10x_hd.o(.text)
    RTC_Alarm_IRQHandler                     0x08000163   Thumb Code     0  startup_gd32f10x_hd.o(.text)
    RTC_IRQHandler                           0x08000163   Thumb Code     0  startup_gd32f10x_hd.o(.text)
    SDIO_IRQHandler                          0x08000163   Thumb Code     0  startup_gd32f10x_hd.o(.text)
    SPI0_IRQHandler                          0x08000163   Thumb Code     0  startup_gd32f10x_hd.o(.text)
    SPI1_IRQHandler                          0x08000163   Thumb Code     0  startup_gd32f10x_hd.o(.text)
    SPI2_IRQHandler                          0x08000163   Thumb Code     0  startup_gd32f10x_hd.o(.text)
    TAMPER_IRQHandler                        0x08000163   Thumb Code     0  startup_gd32f10x_hd.o(.text)
    TIMER0_BRK_IRQHandler                    0x08000163   Thumb Code     0  startup_gd32f10x_hd.o(.text)
    TIMER0_Channel_IRQHandler                0x08000163   Thumb Code     0  startup_gd32f10x_hd.o(.text)
    TIMER0_TRG_CMT_IRQHandler                0x08000163   Thumb Code     0  startup_gd32f10x_hd.o(.text)
    TIMER0_UP_IRQHandler                     0x08000163   Thumb Code     0  startup_gd32f10x_hd.o(.text)
    TIMER1_IRQHandler                        0x08000163   Thumb Code     0  startup_gd32f10x_hd.o(.text)
    TIMER2_IRQHandler                        0x08000163   Thumb Code     0  startup_gd32f10x_hd.o(.text)
    TIMER3_IRQHandler                        0x08000163   Thumb Code     0  startup_gd32f10x_hd.o(.text)
    TIMER4_IRQHandler                        0x08000163   Thumb Code     0  startup_gd32f10x_hd.o(.text)
    TIMER5_IRQHandler                        0x08000163   Thumb Code     0  startup_gd32f10x_hd.o(.text)
    TIMER7_BRK_IRQHandler                    0x08000163   Thumb Code     0  startup_gd32f10x_hd.o(.text)
    TIMER7_Channel_IRQHandler                0x08000163   Thumb Code     0  startup_gd32f10x_hd.o(.text)
    TIMER7_TRG_CMT_IRQHandler                0x08000163   Thumb Code     0  startup_gd32f10x_hd.o(.text)
    TIMER7_UP_IRQHandler                     0x08000163   Thumb Code     0  startup_gd32f10x_hd.o(.text)
    UART3_IRQHandler                         0x08000163   Thumb Code     0  startup_gd32f10x_hd.o(.text)
    UART4_IRQHandler                         0x08000163   Thumb Code     0  startup_gd32f10x_hd.o(.text)
    USART0_IRQHandler                        0x08000163   Thumb Code     0  startup_gd32f10x_hd.o(.text)
    USART1_IRQHandler                        0x08000163   Thumb Code     0  startup_gd32f10x_hd.o(.text)
    USBD_HP_CAN0_TX_IRQHandler               0x08000163   Thumb Code     0  startup_gd32f10x_hd.o(.text)
    USBD_LP_CAN0_RX0_IRQHandler              0x08000163   Thumb Code     0  startup_gd32f10x_hd.o(.text)
    USBD_WKUP_IRQHandler                     0x08000163   Thumb Code     0  startup_gd32f10x_hd.o(.text)
    WWDGT_IRQHandler                         0x08000163   Thumb Code     0  startup_gd32f10x_hd.o(.text)
    __aeabi_memcpy                           0x0800016d   Thumb Code    36  memcpya.o(.text)
    __aeabi_memcpy4                          0x0800016d   Thumb Code     0  memcpya.o(.text)
    __aeabi_memcpy8                          0x0800016d   Thumb Code     0  memcpya.o(.text)
    __aeabi_dmul                             0x08000191   Thumb Code   228  dmul.o(.text)
    __aeabi_ddiv                             0x08000275   Thumb Code   222  ddiv.o(.text)
    __aeabi_ui2d                             0x08000353   Thumb Code    26  dfltui.o(.text)
    __aeabi_f2d                              0x0800036d   Thumb Code    38  f2d.o(.text)
    __aeabi_cdcmpeq                          0x08000395   Thumb Code     0  cdcmple.o(.text)
    __aeabi_cdcmple                          0x08000395   Thumb Code    48  cdcmple.o(.text)
    __aeabi_cdrcmple                         0x080003c5   Thumb Code    48  cdrcmple.o(.text)
    __aeabi_d2f                              0x080003f5   Thumb Code    56  d2f.o(.text)
    __aeabi_uidiv                            0x0800042d   Thumb Code     0  uidiv.o(.text)
    __aeabi_uidivmod                         0x0800042d   Thumb Code    44  uidiv.o(.text)
    __aeabi_uldivmod                         0x08000459   Thumb Code    98  uldiv.o(.text)
    __I$use$fp                               0x080004bb   Thumb Code     0  iusefp.o(.text)
    _float_round                             0x080004bb   Thumb Code    18  fepilogue.o(.text)
    _float_epilogue                          0x080004cd   Thumb Code    92  fepilogue.o(.text)
    _double_round                            0x08000529   Thumb Code    30  depilogue.o(.text)
    _double_epilogue                         0x08000547   Thumb Code   156  depilogue.o(.text)
    __aeabi_dadd                             0x080005e3   Thumb Code   322  dadd.o(.text)
    __aeabi_dsub                             0x08000725   Thumb Code     6  dadd.o(.text)
    __aeabi_drsub                            0x0800072b   Thumb Code     6  dadd.o(.text)
    __aeabi_d2ulz                            0x08000731   Thumb Code    48  dfixul.o(.text)
    __scatterload                            0x08000761   Thumb Code    28  init.o(.text)
    __scatterload_rt2                        0x08000761   Thumb Code     0  init.o(.text)
    __aeabi_llsl                             0x08000785   Thumb Code    30  llshl.o(.text)
    _ll_shift_l                              0x08000785   Thumb Code     0  llshl.o(.text)
    __aeabi_llsr                             0x080007a3   Thumb Code    32  llushr.o(.text)
    _ll_ushift_r                             0x080007a3   Thumb Code     0  llushr.o(.text)
    __aeabi_lasr                             0x080007c3   Thumb Code    36  llsshr.o(.text)
    _ll_sshift_r                             0x080007c3   Thumb Code     0  llsshr.o(.text)
    BusFault_Handler                         0x080007e7   Thumb Code     4  gd32f10x_it.o(i.BusFault_Handler)
    ClearDog                                 0x080007ed   Thumb Code    14  app.o(i.ClearDog)
    Crc_RTU_Data                             0x08000801   Thumb Code    62  app.o(i.Crc_RTU_Data)
    DebugMon_Handler                         0x0800083f   Thumb Code     4  gd32f10x_it.o(i.DebugMon_Handler)
    DelRxdate                                0x08000845   Thumb Code   428  app.o(i.DelRxdate)
    DogOff                                   0x08000a11   Thumb Code    46  app.o(i.DogOff)
    DogOn                                    0x08000a49   Thumb Code    46  app.o(i.DogOn)
    EXTI10_15_IRQHandler                     0x08000a81   Thumb Code    56  gd32f10x_it.o(i.EXTI10_15_IRQHandler)
    EXTI1_IRQHandler                         0x08000ac1   Thumb Code    70  gd32f10x_it.o(i.EXTI1_IRQHandler)
    GPIO_TogglePin                           0x08000b19   Thumb Code    40  gpio.o(i.GPIO_TogglePin)
    GetADC5                                  0x08000b41   Thumb Code    34  adc.o(i.GetADC5)
    GetAddr                                  0x08000b69   Thumb Code    72  app.o(i.GetAddr)
    GetSensorAdd                             0x08000bb5   Thumb Code    72  app.o(i.GetSensorAdd)
    HardFault_Handler                        0x08000c01   Thumb Code     4  gd32f10x_it.o(i.HardFault_Handler)
    MX_GPIO_Init                             0x08000c05   Thumb Code   758  gpio.o(i.MX_GPIO_Init)
    MemManage_Handler                        0x08000f0d   Thumb Code     4  gd32f10x_it.o(i.MemManage_Handler)
    NMI_Handler                              0x08000f11   Thumb Code     4  gd32f10x_it.o(i.NMI_Handler)
    PendSV_Handler                           0x08000f3d   Thumb Code     4  gd32f10x_it.o(i.PendSV_Handler)
    ResetUsart                               0x08000f41   Thumb Code    16  usart.o(i.ResetUsart)
    SVC_Handler                              0x08000f5d   Thumb Code     4  gd32f10x_it.o(i.SVC_Handler)
    SendSensorState                          0x08000f61   Thumb Code   578  app.o(i.SendSensorState)
    SensorCheck                              0x080011f5   Thumb Code   568  app.o(i.SensorCheck)
    SysTemInit                               0x08001475   Thumb Code   118  app.o(i.SysTemInit)
    SysTick_Handler                          0x08001501   Thumb Code   230  gd32f10x_it.o(i.SysTick_Handler)
    SystemInit                               0x080015f9   Thumb Code   196  system_gd32f10x.o(i.SystemInit)
    TIMER6_IRQHandler                        0x080016cd   Thumb Code    98  gd32f10x_it.o(i.TIMER6_IRQHandler)
    UART_Send_Nbytes                         0x08001745   Thumb Code    26  usart.o(i.UART_Send_Nbytes)
    UART_send_byte                           0x08001761   Thumb Code    28  usart.o(i.UART_send_byte)
    USART2_IRQHandler                        0x08001781   Thumb Code    96  gd32f10x_it.o(i.USART2_IRQHandler)
    UsageFault_Handler                       0x080017f5   Thumb Code     4  gd32f10x_it.o(i.UsageFault_Handler)
    __0printf                                0x080017f9   Thumb Code    22  printfa.o(i.__0printf)
    __1printf                                0x080017f9   Thumb Code     0  printfa.o(i.__0printf)
    __2printf                                0x080017f9   Thumb Code     0  printfa.o(i.__0printf)
    __c89printf                              0x080017f9   Thumb Code     0  printfa.o(i.__0printf)
    printf                                   0x080017f9   Thumb Code     0  printfa.o(i.__0printf)
    __scatterload_copy                       0x08001819   Thumb Code    14  handlers.o(i.__scatterload_copy)
    __scatterload_null                       0x08001827   Thumb Code     2  handlers.o(i.__scatterload_null)
    __scatterload_zeroinit                   0x08001829   Thumb Code    14  handlers.o(i.__scatterload_zeroinit)
    adc_calibration_enable                   0x080020c3   Thumb Code    42  gd32f10x_adc.o(i.adc_calibration_enable)
    adc_channel_length_config                0x080020ed   Thumb Code    70  gd32f10x_adc.o(i.adc_channel_length_config)
    adc_channel_sample                       0x08002135   Thumb Code    54  adc.o(i.adc_channel_sample)
    adc_config                               0x08002171   Thumb Code    82  adc.o(i.adc_config)
    adc_data_alignment_config                0x080021c9   Thumb Code    22  gd32f10x_adc.o(i.adc_data_alignment_config)
    adc_deinit                               0x080021e1   Thumb Code    84  gd32f10x_adc.o(i.adc_deinit)
    adc_enable                               0x08002239   Thumb Code    18  gd32f10x_adc.o(i.adc_enable)
    adc_external_trigger_config              0x0800224b   Thumb Code    62  gd32f10x_adc.o(i.adc_external_trigger_config)
    adc_external_trigger_source_config       0x08002289   Thumb Code    48  gd32f10x_adc.o(i.adc_external_trigger_source_config)
    adc_flag_clear                           0x080022b9   Thumb Code     8  gd32f10x_adc.o(i.adc_flag_clear)
    adc_flag_get                             0x080022c1   Thumb Code    14  gd32f10x_adc.o(i.adc_flag_get)
    adc_mode_config                          0x080022d1   Thumb Code    22  gd32f10x_adc.o(i.adc_mode_config)
    adc_regular_channel_config               0x080022ed   Thumb Code   172  gd32f10x_adc.o(i.adc_regular_channel_config)
    adc_regular_data_read                    0x08002399   Thumb Code     8  gd32f10x_adc.o(i.adc_regular_data_read)
    adc_software_trigger_enable              0x080023a1   Thumb Code    30  gd32f10x_adc.o(i.adc_software_trigger_enable)
    delay_ms                                 0x080023bf   Thumb Code    26  app.o(i.delay_ms)
    delay_us                                 0x080023d9   Thumb Code    26  app.o(i.delay_us)
    exti_init                                0x080023f5   Thumb Code   184  gd32f10x_exti.o(i.exti_init)
    exti_interrupt_flag_clear                0x080024b1   Thumb Code     6  gd32f10x_exti.o(i.exti_interrupt_flag_clear)
    exti_interrupt_flag_get                  0x080024bd   Thumb Code    18  gd32f10x_exti.o(i.exti_interrupt_flag_get)
    fputc                                    0x080024d5   Thumb Code    32  usart.o(i.fputc)
    gd_eval_com0_init                        0x080024f9   Thumb Code   118  usart.o(i.gd_eval_com0_init)
    gd_eval_com2_init                        0x08002579   Thumb Code   162  usart.o(i.gd_eval_com2_init)
    gpio_bit_write                           0x08002629   Thumb Code    10  gd32f10x_gpio.o(i.gpio_bit_write)
    gpio_config                              0x08002635   Thumb Code    40  adc.o(i.gpio_config)
    gpio_exti_source_select                  0x08002665   Thumb Code   146  gd32f10x_gpio.o(i.gpio_exti_source_select)
    gpio_init                                0x080026fd   Thumb Code   172  gd32f10x_gpio.o(i.gpio_init)
    gpio_input_bit_get                       0x080027a9   Thumb Code    16  gd32f10x_gpio.o(i.gpio_input_bit_get)
    gpio_output_bit_get                      0x080027b9   Thumb Code    16  gd32f10x_gpio.o(i.gpio_output_bit_get)
    gpio_pin_remap_config                    0x080027c9   Thumb Code   138  gd32f10x_gpio.o(i.gpio_pin_remap_config)
    main                                     0x08002859   Thumb Code   252  main.o(i.main)
    nvic_irq_enable                          0x080029b5   Thumb Code   162  gd32f10x_misc.o(i.nvic_irq_enable)
    nvic_priority_group_set                  0x08002a61   Thumb Code    10  gd32f10x_misc.o(i.nvic_priority_group_set)
    nvic_vector_table_set                    0x08002a75   Thumb Code    16  gd32f10x_misc.o(i.nvic_vector_table_set)
    rcu_adc_clock_config                     0x08002a8d   Thumb Code    64  gd32f10x_rcu.o(i.rcu_adc_clock_config)
    rcu_clock_freq_get                       0x08002ad5   Thumb Code   264  gd32f10x_rcu.o(i.rcu_clock_freq_get)
    rcu_config                               0x08002bf9   Thumb Code    34  adc.o(i.rcu_config)
    rcu_periph_clock_enable                  0x08002c1d   Thumb Code    28  gd32f10x_rcu.o(i.rcu_periph_clock_enable)
    rcu_periph_reset_disable                 0x08002c3d   Thumb Code    28  gd32f10x_rcu.o(i.rcu_periph_reset_disable)
    rcu_periph_reset_enable                  0x08002c5d   Thumb Code    28  gd32f10x_rcu.o(i.rcu_periph_reset_enable)
    systick_config                           0x08002d49   Thumb Code    74  systick.o(i.systick_config)
    timer_config                             0x08002d99   Thumb Code    84  tim.o(i.timer_config)
    timer_deinit                             0x08002df1   Thumb Code   210  gd32f10x_timer.o(i.timer_deinit)
    timer_enable                             0x08002ecd   Thumb Code    10  gd32f10x_timer.o(i.timer_enable)
    timer_init                               0x08002ed9   Thumb Code   170  gd32f10x_timer.o(i.timer_init)
    timer_interrupt_enable                   0x08002fb9   Thumb Code     8  gd32f10x_timer.o(i.timer_interrupt_enable)
    timer_interrupt_flag_clear               0x08002fc1   Thumb Code     6  gd32f10x_timer.o(i.timer_interrupt_flag_clear)
    timer_interrupt_flag_get                 0x08002fc7   Thumb Code    24  gd32f10x_timer.o(i.timer_interrupt_flag_get)
    usart_baudrate_set                       0x08002fe1   Thumb Code   136  gd32f10x_usart.o(i.usart_baudrate_set)
    usart_data_receive                       0x08003071   Thumb Code    10  gd32f10x_usart.o(i.usart_data_receive)
    usart_data_transmit                      0x0800307b   Thumb Code     8  gd32f10x_usart.o(i.usart_data_transmit)
    usart_deinit                             0x08003085   Thumb Code   136  gd32f10x_usart.o(i.usart_deinit)
    usart_enable                             0x08003115   Thumb Code    10  gd32f10x_usart.o(i.usart_enable)
    usart_flag_get                           0x0800311f   Thumb Code    30  gd32f10x_usart.o(i.usart_flag_get)
    usart_hardware_flow_cts_config           0x0800313d   Thumb Code    20  gd32f10x_usart.o(i.usart_hardware_flow_cts_config)
    usart_hardware_flow_rts_config           0x08003151   Thumb Code    20  gd32f10x_usart.o(i.usart_hardware_flow_rts_config)
    usart_interrupt_enable                   0x08003165   Thumb Code    26  gd32f10x_usart.o(i.usart_interrupt_enable)
    usart_interrupt_flag_get                 0x0800317f   Thumb Code    56  gd32f10x_usart.o(i.usart_interrupt_flag_get)
    usart_parity_config                      0x080031b7   Thumb Code    16  gd32f10x_usart.o(i.usart_parity_config)
    usart_receive_config                     0x080031c7   Thumb Code    16  gd32f10x_usart.o(i.usart_receive_config)
    usart_stop_bit_set                       0x080031d7   Thumb Code    16  gd32f10x_usart.o(i.usart_stop_bit_set)
    usart_transmit_config                    0x080031e7   Thumb Code    16  gd32f10x_usart.o(i.usart_transmit_config)
    usart_word_length_set                    0x080031f7   Thumb Code    16  gd32f10x_usart.o(i.usart_word_length_set)
    Region$$Table$$Base                      0x08003208   Number         0  anon$$obj.o(Region$$Table)
    Region$$Table$$Limit                     0x08003228   Number         0  anon$$obj.o(Region$$Table)
    aRxBuffer                                0x20000000   Data           1  usart.o(.data)
    Uart1_Rx_Cnt                             0x20000001   Data           1  usart.o(.data)
    Uart1_Rxflg                              0x20000002   Data           1  usart.o(.data)
    Uart1_timeout                            0x20000003   Data           1  usart.o(.data)
    Fback                                    0x20000004   Data           8  app.o(.data)
    ResButton                                0x2000000c   Data           6  app.o(.data)
    TXservel                                 0x20000012   Data           2  app.o(.data)
    Systime                                  0x20000014   Data           2  app.o(.data)
    Q6State                                  0x20000016   Data           4  app.o(.data)
    HostAddr                                 0x2000001a   Data           1  app.o(.data)
    PowerLine                                0x2000001b   Data           6  app.o(.data)
    SysDate                                  0x20000022   Data           8  app.o(.data)
    CRCnow                                   0x2000002a   Data           2  app.o(.data)
    CRCrx                                    0x2000002c   Data           2  app.o(.data)
    SystemCoreClock                          0x20000030   Data           4  system_gd32f10x.o(.data)
    __stdout                                 0x20000034   Data           4  stdout.o(.data)
    Uart1_RxBuff                             0x20000038   Data         256  usart.o(.bss)
    DCFState                                 0x20000138   Data          12  app.o(.bss)
    ADCGet                                   0x20000144   Data          10  app.o(.bss)
    ReportInfo                               0x2000014e   Data          16  app.o(.bss)
    ReceiveInfo                              0x2000015e   Data          16  app.o(.bss)
    __initial_sp                             0x20000570   Data           0  startup_gd32f10x_hd.o(STACK)



==============================================================================

Memory Map of the image

  Image Entry point : 0x08000131

  Load Region LR_IROM1 (Base: 0x08000000, Size: 0x00003260, Max: 0x00040000, ABSOLUTE)

    Execution Region ER_IROM1 (Exec base: 0x08000000, Load base: 0x08000000, Size: 0x00003228, Max: 0x00040000, ABSOLUTE)

    Exec Addr    Load Addr    Size         Type   Attr      Idx    E Section Name        Object

    0x08000000   0x08000000   0x00000130   Data   RO         4133    RESET               startup_gd32f10x_hd.o
    0x08000130   0x08000130   0x00000000   Code   RO         4138  * .ARM.Collect$$$$00000000  mc_w.l(entry.o)
    0x08000130   0x08000130   0x00000004   Code   RO         4422    .ARM.Collect$$$$00000001  mc_w.l(entry2.o)
    0x08000134   0x08000134   0x00000004   Code   RO         4425    .ARM.Collect$$$$00000004  mc_w.l(entry5.o)
    0x08000138   0x08000138   0x00000000   Code   RO         4427    .ARM.Collect$$$$00000008  mc_w.l(entry7b.o)
    0x08000138   0x08000138   0x00000000   Code   RO         4429    .ARM.Collect$$$$0000000A  mc_w.l(entry8b.o)
    0x08000138   0x08000138   0x00000008   Code   RO         4430    .ARM.Collect$$$$0000000B  mc_w.l(entry9a.o)
    0x08000140   0x08000140   0x00000004   Code   RO         4437    .ARM.Collect$$$$0000000E  mc_w.l(entry12b.o)
    0x08000144   0x08000144   0x00000000   Code   RO         4432    .ARM.Collect$$$$0000000F  mc_w.l(entry10a.o)
    0x08000144   0x08000144   0x00000000   Code   RO         4434    .ARM.Collect$$$$00000011  mc_w.l(entry11a.o)
    0x08000144   0x08000144   0x00000004   Code   RO         4423    .ARM.Collect$$$$00002712  mc_w.l(entry2.o)
    0x08000148   0x08000148   0x00000024   Code   RO         4134    .text               startup_gd32f10x_hd.o
    0x0800016c   0x0800016c   0x00000024   Code   RO         4141    .text               mc_w.l(memcpya.o)
    0x08000190   0x08000190   0x000000e4   Code   RO         4408    .text               mf_w.l(dmul.o)
    0x08000274   0x08000274   0x000000de   Code   RO         4410    .text               mf_w.l(ddiv.o)
    0x08000352   0x08000352   0x0000001a   Code   RO         4412    .text               mf_w.l(dfltui.o)
    0x0800036c   0x0800036c   0x00000026   Code   RO         4414    .text               mf_w.l(f2d.o)
    0x08000392   0x08000392   0x00000002   PAD
    0x08000394   0x08000394   0x00000030   Code   RO         4416    .text               mf_w.l(cdcmple.o)
    0x080003c4   0x080003c4   0x00000030   Code   RO         4418    .text               mf_w.l(cdrcmple.o)
    0x080003f4   0x080003f4   0x00000038   Code   RO         4420    .text               mf_w.l(d2f.o)
    0x0800042c   0x0800042c   0x0000002c   Code   RO         4439    .text               mc_w.l(uidiv.o)
    0x08000458   0x08000458   0x00000062   Code   RO         4441    .text               mc_w.l(uldiv.o)
    0x080004ba   0x080004ba   0x00000000   Code   RO         4443    .text               mc_w.l(iusefp.o)
    0x080004ba   0x080004ba   0x0000006e   Code   RO         4444    .text               mf_w.l(fepilogue.o)
    0x08000528   0x08000528   0x000000ba   Code   RO         4446    .text               mf_w.l(depilogue.o)
    0x080005e2   0x080005e2   0x0000014e   Code   RO         4448    .text               mf_w.l(dadd.o)
    0x08000730   0x08000730   0x00000030   Code   RO         4450    .text               mf_w.l(dfixul.o)
    0x08000760   0x08000760   0x00000024   Code   RO         4452    .text               mc_w.l(init.o)
    0x08000784   0x08000784   0x0000001e   Code   RO         4454    .text               mc_w.l(llshl.o)
    0x080007a2   0x080007a2   0x00000020   Code   RO         4456    .text               mc_w.l(llushr.o)
    0x080007c2   0x080007c2   0x00000024   Code   RO         4458    .text               mc_w.l(llsshr.o)
    0x080007e6   0x080007e6   0x00000004   Code   RO            3    i.BusFault_Handler  gd32f10x_it.o
    0x080007ea   0x080007ea   0x00000002   PAD
    0x080007ec   0x080007ec   0x00000014   Code   RO          403    i.ClearDog          app.o
    0x08000800   0x08000800   0x0000003e   Code   RO          404    i.Crc_RTU_Data      app.o
    0x0800083e   0x0800083e   0x00000004   Code   RO            4    i.DebugMon_Handler  gd32f10x_it.o
    0x08000842   0x08000842   0x00000002   PAD
    0x08000844   0x08000844   0x000001cc   Code   RO          405    i.DelRxdate         app.o
    0x08000a10   0x08000a10   0x00000038   Code   RO          406    i.DogOff            app.o
    0x08000a48   0x08000a48   0x00000038   Code   RO          407    i.DogOn             app.o
    0x08000a80   0x08000a80   0x00000040   Code   RO            5    i.EXTI10_15_IRQHandler  gd32f10x_it.o
    0x08000ac0   0x08000ac0   0x00000058   Code   RO            6    i.EXTI1_IRQHandler  gd32f10x_it.o
    0x08000b18   0x08000b18   0x00000028   Code   RO          371    i.GPIO_TogglePin    gpio.o
    0x08000b40   0x08000b40   0x00000028   Code   RO          513    i.GetADC5           adc.o
    0x08000b68   0x08000b68   0x0000004c   Code   RO          408    i.GetAddr           app.o
    0x08000bb4   0x08000bb4   0x0000004c   Code   RO          409    i.GetSensorAdd      app.o
    0x08000c00   0x08000c00   0x00000004   Code   RO            7    i.HardFault_Handler  gd32f10x_it.o
    0x08000c04   0x08000c04   0x00000308   Code   RO          372    i.MX_GPIO_Init      gpio.o
    0x08000f0c   0x08000f0c   0x00000004   Code   RO            8    i.MemManage_Handler  gd32f10x_it.o
    0x08000f10   0x08000f10   0x00000004   Code   RO            9    i.NMI_Handler       gd32f10x_it.o
    0x08000f14   0x08000f14   0x00000028   Code   RO          249    i.NVIC_SetPriority  systick.o
    0x08000f3c   0x08000f3c   0x00000004   Code   RO           10    i.PendSV_Handler    gd32f10x_it.o
    0x08000f40   0x08000f40   0x0000001c   Code   RO          292    i.ResetUsart        usart.o
    0x08000f5c   0x08000f5c   0x00000004   Code   RO           11    i.SVC_Handler       gd32f10x_it.o
    0x08000f60   0x08000f60   0x00000294   Code   RO          410    i.SendSensorState   app.o
    0x080011f4   0x080011f4   0x00000280   Code   RO          411    i.SensorCheck       app.o
    0x08001474   0x08001474   0x0000008c   Code   RO          412    i.SysTemInit        app.o
    0x08001500   0x08001500   0x000000f8   Code   RO           12    i.SysTick_Handler   gd32f10x_it.o
    0x080015f8   0x080015f8   0x000000d4   Code   RO          577    i.SystemInit        system_gd32f10x.o
    0x080016cc   0x080016cc   0x00000078   Code   RO           13    i.TIMER6_IRQHandler  gd32f10x_it.o
    0x08001744   0x08001744   0x0000001a   Code   RO          293    i.UART_Send_Nbytes  usart.o
    0x0800175e   0x0800175e   0x00000002   PAD
    0x08001760   0x08001760   0x00000020   Code   RO          294    i.UART_send_byte    usart.o
    0x08001780   0x08001780   0x00000074   Code   RO           14    i.USART2_IRQHandler  gd32f10x_it.o
    0x080017f4   0x080017f4   0x00000004   Code   RO           15    i.UsageFault_Handler  gd32f10x_it.o
    0x080017f8   0x080017f8   0x00000020   Code   RO         4380    i.__0printf         mc_w.l(printfa.o)
    0x08001818   0x08001818   0x0000000e   Code   RO         4462    i.__scatterload_copy  mc_w.l(handlers.o)
    0x08001826   0x08001826   0x00000002   Code   RO         4463    i.__scatterload_null  mc_w.l(handlers.o)
    0x08001828   0x08001828   0x0000000e   Code   RO         4464    i.__scatterload_zeroinit  mc_w.l(handlers.o)
    0x08001836   0x08001836   0x00000002   PAD
    0x08001838   0x08001838   0x00000184   Code   RO         4387    i._fp_digits        mc_w.l(printfa.o)
    0x080019bc   0x080019bc   0x000006b4   Code   RO         4388    i._printf_core      mc_w.l(printfa.o)
    0x08002070   0x08002070   0x00000024   Code   RO         4389    i._printf_post_padding  mc_w.l(printfa.o)
    0x08002094   0x08002094   0x0000002e   Code   RO         4390    i._printf_pre_padding  mc_w.l(printfa.o)
    0x080020c2   0x080020c2   0x0000002a   Code   RO          613    i.adc_calibration_enable  gd32f10x_adc.o
    0x080020ec   0x080020ec   0x00000046   Code   RO          614    i.adc_channel_length_config  gd32f10x_adc.o
    0x08002132   0x08002132   0x00000002   PAD
    0x08002134   0x08002134   0x0000003c   Code   RO          514    i.adc_channel_sample  adc.o
    0x08002170   0x08002170   0x00000058   Code   RO          515    i.adc_config        adc.o
    0x080021c8   0x080021c8   0x00000016   Code   RO          615    i.adc_data_alignment_config  gd32f10x_adc.o
    0x080021de   0x080021de   0x00000002   PAD
    0x080021e0   0x080021e0   0x00000058   Code   RO          616    i.adc_deinit        gd32f10x_adc.o
    0x08002238   0x08002238   0x00000012   Code   RO          621    i.adc_enable        gd32f10x_adc.o
    0x0800224a   0x0800224a   0x0000003e   Code   RO          622    i.adc_external_trigger_config  gd32f10x_adc.o
    0x08002288   0x08002288   0x00000030   Code   RO          623    i.adc_external_trigger_source_config  gd32f10x_adc.o
    0x080022b8   0x080022b8   0x00000008   Code   RO          624    i.adc_flag_clear    gd32f10x_adc.o
    0x080022c0   0x080022c0   0x0000000e   Code   RO          625    i.adc_flag_get      gd32f10x_adc.o
    0x080022ce   0x080022ce   0x00000002   PAD
    0x080022d0   0x080022d0   0x0000001c   Code   RO          634    i.adc_mode_config   gd32f10x_adc.o
    0x080022ec   0x080022ec   0x000000ac   Code   RO          635    i.adc_regular_channel_config  gd32f10x_adc.o
    0x08002398   0x08002398   0x00000008   Code   RO          636    i.adc_regular_data_read  gd32f10x_adc.o
    0x080023a0   0x080023a0   0x0000001e   Code   RO          638    i.adc_software_trigger_enable  gd32f10x_adc.o
    0x080023be   0x080023be   0x0000001a   Code   RO          413    i.delay_ms          app.o
    0x080023d8   0x080023d8   0x0000001a   Code   RO          414    i.delay_us          app.o
    0x080023f2   0x080023f2   0x00000002   PAD
    0x080023f4   0x080023f4   0x000000bc   Code   RO         1739    i.exti_init         gd32f10x_exti.o
    0x080024b0   0x080024b0   0x0000000c   Code   RO         1742    i.exti_interrupt_flag_clear  gd32f10x_exti.o
    0x080024bc   0x080024bc   0x00000018   Code   RO         1743    i.exti_interrupt_flag_get  gd32f10x_exti.o
    0x080024d4   0x080024d4   0x00000024   Code   RO          297    i.fputc             usart.o
    0x080024f8   0x080024f8   0x00000080   Code   RO          298    i.gd_eval_com0_init  usart.o
    0x08002578   0x08002578   0x000000b0   Code   RO          299    i.gd_eval_com2_init  usart.o
    0x08002628   0x08002628   0x0000000a   Code   RO         2103    i.gpio_bit_write    gd32f10x_gpio.o
    0x08002632   0x08002632   0x00000002   PAD
    0x08002634   0x08002634   0x00000030   Code   RO          516    i.gpio_config       adc.o
    0x08002664   0x08002664   0x00000098   Code   RO         2108    i.gpio_exti_source_select  gd32f10x_gpio.o
    0x080026fc   0x080026fc   0x000000ac   Code   RO         2109    i.gpio_init         gd32f10x_gpio.o
    0x080027a8   0x080027a8   0x00000010   Code   RO         2110    i.gpio_input_bit_get  gd32f10x_gpio.o
    0x080027b8   0x080027b8   0x00000010   Code   RO         2112    i.gpio_output_bit_get  gd32f10x_gpio.o
    0x080027c8   0x080027c8   0x00000090   Code   RO         2115    i.gpio_pin_remap_config  gd32f10x_gpio.o
    0x08002858   0x08002858   0x0000015c   Code   RO          226    i.main              main.o
    0x080029b4   0x080029b4   0x000000ac   Code   RO         2417    i.nvic_irq_enable   gd32f10x_misc.o
    0x08002a60   0x08002a60   0x00000014   Code   RO         2418    i.nvic_priority_group_set  gd32f10x_misc.o
    0x08002a74   0x08002a74   0x00000018   Code   RO         2419    i.nvic_vector_table_set  gd32f10x_misc.o
    0x08002a8c   0x08002a8c   0x00000048   Code   RO         2559    i.rcu_adc_clock_config  gd32f10x_rcu.o
    0x08002ad4   0x08002ad4   0x00000124   Code   RO         2567    i.rcu_clock_freq_get  gd32f10x_rcu.o
    0x08002bf8   0x08002bf8   0x00000022   Code   RO          517    i.rcu_config        adc.o
    0x08002c1a   0x08002c1a   0x00000002   PAD
    0x08002c1c   0x08002c1c   0x00000020   Code   RO         2584    i.rcu_periph_clock_enable  gd32f10x_rcu.o
    0x08002c3c   0x08002c3c   0x00000020   Code   RO         2587    i.rcu_periph_reset_disable  gd32f10x_rcu.o
    0x08002c5c   0x08002c5c   0x00000020   Code   RO         2588    i.rcu_periph_reset_enable  gd32f10x_rcu.o
    0x08002c7c   0x08002c7c   0x000000c4   Code   RO          578    i.system_clock_108m_hxtal  system_gd32f10x.o
    0x08002d40   0x08002d40   0x00000008   Code   RO          579    i.system_clock_config  system_gd32f10x.o
    0x08002d48   0x08002d48   0x00000050   Code   RO          252    i.systick_config    systick.o
    0x08002d98   0x08002d98   0x00000058   Code   RO          557    i.timer_config      tim.o
    0x08002df0   0x08002df0   0x000000dc   Code   RO         3408    i.timer_deinit      gd32f10x_timer.o
    0x08002ecc   0x08002ecc   0x0000000a   Code   RO         3413    i.timer_enable      gd32f10x_timer.o
    0x08002ed6   0x08002ed6   0x00000002   PAD
    0x08002ed8   0x08002ed8   0x000000e0   Code   RO         3423    i.timer_init        gd32f10x_timer.o
    0x08002fb8   0x08002fb8   0x00000008   Code   RO         3430    i.timer_interrupt_enable  gd32f10x_timer.o
    0x08002fc0   0x08002fc0   0x00000006   Code   RO         3431    i.timer_interrupt_flag_clear  gd32f10x_timer.o
    0x08002fc6   0x08002fc6   0x00000018   Code   RO         3432    i.timer_interrupt_flag_get  gd32f10x_timer.o
    0x08002fde   0x08002fde   0x00000002   PAD
    0x08002fe0   0x08002fe0   0x00000090   Code   RO         3806    i.usart_baudrate_set  gd32f10x_usart.o
    0x08003070   0x08003070   0x0000000a   Code   RO         3807    i.usart_data_receive  gd32f10x_usart.o
    0x0800307a   0x0800307a   0x00000008   Code   RO         3808    i.usart_data_transmit  gd32f10x_usart.o
    0x08003082   0x08003082   0x00000002   PAD
    0x08003084   0x08003084   0x00000090   Code   RO         3809    i.usart_deinit      gd32f10x_usart.o
    0x08003114   0x08003114   0x0000000a   Code   RO         3813    i.usart_enable      gd32f10x_usart.o
    0x0800311e   0x0800311e   0x0000001e   Code   RO         3815    i.usart_flag_get    gd32f10x_usart.o
    0x0800313c   0x0800313c   0x00000014   Code   RO         3819    i.usart_hardware_flow_cts_config  gd32f10x_usart.o
    0x08003150   0x08003150   0x00000014   Code   RO         3820    i.usart_hardware_flow_rts_config  gd32f10x_usart.o
    0x08003164   0x08003164   0x0000001a   Code   RO         3822    i.usart_interrupt_enable  gd32f10x_usart.o
    0x0800317e   0x0800317e   0x00000038   Code   RO         3824    i.usart_interrupt_flag_get  gd32f10x_usart.o
    0x080031b6   0x080031b6   0x00000010   Code   RO         3834    i.usart_parity_config  gd32f10x_usart.o
    0x080031c6   0x080031c6   0x00000010   Code   RO         3836    i.usart_receive_config  gd32f10x_usart.o
    0x080031d6   0x080031d6   0x00000010   Code   RO         3842    i.usart_stop_bit_set  gd32f10x_usart.o
    0x080031e6   0x080031e6   0x00000010   Code   RO         3846    i.usart_transmit_config  gd32f10x_usart.o
    0x080031f6   0x080031f6   0x00000010   Code   RO         3847    i.usart_word_length_set  gd32f10x_usart.o
    0x08003206   0x08003206   0x00000002   PAD
    0x08003208   0x08003208   0x00000020   Data   RO         4460    Region$$Table       anon$$obj.o


    Execution Region RW_IRAM1 (Exec base: 0x20000000, Load base: 0x08003228, Size: 0x00000570, Max: 0x0000c000, ABSOLUTE)

    Exec Addr    Load Addr    Size         Type   Attr      Idx    E Section Name        Object

    0x20000000   0x08003228   0x00000004   Data   RW          301    .data               usart.o
    0x20000004   0x0800322c   0x0000002a   Data   RW          416    .data               app.o
    0x2000002e   0x08003256   0x00000002   PAD
    0x20000030   0x08003258   0x00000004   Data   RW          580    .data               system_gd32f10x.o
    0x20000034   0x0800325c   0x00000004   Data   RW         4438    .data               mc_w.l(stdout.o)
    0x20000038        -       0x00000100   Zero   RW          300    .bss                usart.o
    0x20000138        -       0x00000036   Zero   RW          415    .bss                app.o
    0x2000016e   0x08003260   0x00000002   PAD
    0x20000170        -       0x00000400   Zero   RW         4131    STACK               startup_gd32f10x_hd.o


==============================================================================

Image component sizes


      Code (inc. data)   RO Data    RW Data    ZI Data      Debug   Object Name

       270         26          0          0          0       2483   adc.o
      2298        242          0         42         54      32308   app.o
       610         10          0          0          0       8983   gd32f10x_adc.o
       224         16          0          0          0       2042   gd32f10x_exti.o
       510         12          0          0          0       4706   gd32f10x_gpio.o
       668         86          0          0          0      63124   gd32f10x_it.o
       216         28          0          0          0       2156   gd32f10x_misc.o
       460         56          0          0          0       3723   gd32f10x_rcu.o
       492         64          0          0          0       4772   gd32f10x_timer.o
       548         16          0          0          0      10311   gd32f10x_usart.o
       816         18          0          0          0       1320   gpio.o
       348         96          0          0          0        583   main.o
        36          8        304          0       1024        892   startup_gd32f10x_hd.o
       416         30          0          4          0       2975   system_gd32f10x.o
       120         14          0          0          0      23140   systick.o
        88          4          0          0          0        535   tim.o
       426         44          0          4        256       5889   usart.o

    ----------------------------------------------------------------------
      8572        770        336         52       1336     169942   Object Totals
         0          0         32          0          0          0   (incl. Generated)
        26          0          0          2          2          0   (incl. Padding)

    ----------------------------------------------------------------------

      Code (inc. data)   RO Data    RW Data    ZI Data      Debug   Library Member Name

         0          0          0          0          0          0   entry.o
         0          0          0          0          0          0   entry10a.o
         0          0          0          0          0          0   entry11a.o
         4          0          0          0          0          0   entry12b.o
         8          4          0          0          0          0   entry2.o
         4          0          0          0          0          0   entry5.o
         0          0          0          0          0          0   entry7b.o
         0          0          0          0          0          0   entry8b.o
         8          4          0          0          0          0   entry9a.o
        30          0          0          0          0          0   handlers.o
        36          8          0          0          0         68   init.o
         0          0          0          0          0          0   iusefp.o
        30          0          0          0          0         68   llshl.o
        36          0          0          0          0         68   llsshr.o
        32          0          0          0          0         68   llushr.o
        36          0          0          0          0         68   memcpya.o
      2218         90          0          0          0        464   printfa.o
         0          0          0          4          0          0   stdout.o
        44          0          0          0          0         80   uidiv.o
        98          0          0          0          0         92   uldiv.o
        48          0          0          0          0         68   cdcmple.o
        48          0          0          0          0         68   cdrcmple.o
        56          0          0          0          0         88   d2f.o
       334          0          0          0          0        148   dadd.o
       222          0          0          0          0        100   ddiv.o
       186          0          0          0          0        176   depilogue.o
        48          0          0          0          0         68   dfixul.o
        26          0          0          0          0         76   dfltui.o
       228          0          0          0          0         96   dmul.o
        38          0          0          0          0         68   f2d.o
       110          0          0          0          0        168   fepilogue.o

    ----------------------------------------------------------------------
      3932        106          0          4          0       2100   Library Totals
         4          0          0          0          0          0   (incl. Padding)

    ----------------------------------------------------------------------

      Code (inc. data)   RO Data    RW Data    ZI Data      Debug   Library Name

      2584        106          0          4          0        976   mc_w.l
      1344          0          0          0          0       1124   mf_w.l

    ----------------------------------------------------------------------
      3932        106          0          4          0       2100   Library Totals

    ----------------------------------------------------------------------

==============================================================================


      Code (inc. data)   RO Data    RW Data    ZI Data      Debug   

     12504        876        336         56       1336     166318   Grand Totals
     12504        876        336         56       1336     166318   ELF Image Totals
     12504        876        336         56          0          0   ROM Totals

==============================================================================

    Total RO  Size (Code + RO Data)                12840 (  12.54kB)
    Total RW  Size (RW Data + ZI Data)              1392 (   1.36kB)
    Total ROM Size (Code + RO Data + RW Data)      12896 (  12.59kB)

==============================================================================

